Archive member included to satisfy reference by file (symbol)

/usr/local/Caskroom/gcc-arm-embedded/9-2019-q4-major/gcc-arm-none-eabi-9-2019-q4-major/bin/../lib/gcc/arm-none-eabi/9.2.1/thumb/v7e-m/nofp/libgcc.a(_arm_mulsf3.o)
                              CMakeFiles/tuyaiot.elf.dir/Core/Src/main.c.obj (__aeabi_fmul)
/usr/local/Caskroom/gcc-arm-embedded/9-2019-q4-major/gcc-arm-none-eabi-9-2019-q4-major/bin/../lib/gcc/arm-none-eabi/9.2.1/thumb/v7e-m/nofp/libgcc.a(_arm_addsubsf3.o)
                              CMakeFiles/tuyaiot.elf.dir/Core/Src/sht30.c.obj (__aeabi_fsub)
/usr/local/Caskroom/gcc-arm-embedded/9-2019-q4-major/gcc-arm-none-eabi-9-2019-q4-major/bin/../lib/gcc/arm-none-eabi/9.2.1/thumb/v7e-m/nofp/libgcc.a(_arm_muldivsf3.o)
                              CMakeFiles/tuyaiot.elf.dir/Core/Src/sht30.c.obj (__aeabi_fdiv)
/usr/local/Caskroom/gcc-arm-embedded/9-2019-q4-major/gcc-arm-none-eabi-9-2019-q4-major/bin/../lib/gcc/arm-none-eabi/9.2.1/thumb/v7e-m/nofp/libgcc.a(_arm_fixunssfsi.o)
                              CMakeFiles/tuyaiot.elf.dir/Core/Src/main.c.obj (__aeabi_f2uiz)
/usr/local/Caskroom/gcc-arm-embedded/9-2019-q4-major/gcc-arm-none-eabi-9-2019-q4-major/bin/../lib/gcc/arm-none-eabi/9.2.1/thumb/v7e-m/nofp/libgcc.a(_aeabi_uldivmod.o)
                              CMakeFiles/tuyaiot.elf.dir/Drivers/STM32G4xx_HAL_Driver/Src/stm32g4xx_hal_uart.c.obj (__aeabi_uldivmod)
/usr/local/Caskroom/gcc-arm-embedded/9-2019-q4-major/gcc-arm-none-eabi-9-2019-q4-major/bin/../lib/gcc/arm-none-eabi/9.2.1/thumb/v7e-m/nofp/libgcc.a(_udivmoddi4.o)
                              /usr/local/Caskroom/gcc-arm-embedded/9-2019-q4-major/gcc-arm-none-eabi-9-2019-q4-major/bin/../lib/gcc/arm-none-eabi/9.2.1/thumb/v7e-m/nofp/libgcc.a(_aeabi_uldivmod.o) (__udivmoddi4)
/usr/local/Caskroom/gcc-arm-embedded/9-2019-q4-major/gcc-arm-none-eabi-9-2019-q4-major/bin/../lib/gcc/arm-none-eabi/9.2.1/thumb/v7e-m/nofp/libgcc.a(_dvmd_tls.o)
                              /usr/local/Caskroom/gcc-arm-embedded/9-2019-q4-major/gcc-arm-none-eabi-9-2019-q4-major/bin/../lib/gcc/arm-none-eabi/9.2.1/thumb/v7e-m/nofp/libgcc.a(_aeabi_uldivmod.o) (__aeabi_ldiv0)
/usr/local/Caskroom/gcc-arm-embedded/9-2019-q4-major/gcc-arm-none-eabi-9-2019-q4-major/bin/../lib/gcc/arm-none-eabi/9.2.1/../../../../arm-none-eabi/lib/thumb/v7e-m/nofp/libg.a(lib_a-errno.o)
                              CMakeFiles/tuyaiot.elf.dir/Core/Src/syscalls.c.obj (__errno)
/usr/local/Caskroom/gcc-arm-embedded/9-2019-q4-major/gcc-arm-none-eabi-9-2019-q4-major/bin/../lib/gcc/arm-none-eabi/9.2.1/../../../../arm-none-eabi/lib/thumb/v7e-m/nofp/libg.a(lib_a-exit.o)
                              /usr/local/Caskroom/gcc-arm-embedded/9-2019-q4-major/gcc-arm-none-eabi-9-2019-q4-major/bin/../lib/gcc/arm-none-eabi/9.2.1/../../../../arm-none-eabi/lib/thumb/v7e-m/nofp/crt0.o (exit)
/usr/local/Caskroom/gcc-arm-embedded/9-2019-q4-major/gcc-arm-none-eabi-9-2019-q4-major/bin/../lib/gcc/arm-none-eabi/9.2.1/../../../../arm-none-eabi/lib/thumb/v7e-m/nofp/libg.a(lib_a-impure.o)
                              /usr/local/Caskroom/gcc-arm-embedded/9-2019-q4-major/gcc-arm-none-eabi-9-2019-q4-major/bin/../lib/gcc/arm-none-eabi/9.2.1/../../../../arm-none-eabi/lib/thumb/v7e-m/nofp/libg.a(lib_a-exit.o) (_global_impure_ptr)
/usr/local/Caskroom/gcc-arm-embedded/9-2019-q4-major/gcc-arm-none-eabi-9-2019-q4-major/bin/../lib/gcc/arm-none-eabi/9.2.1/../../../../arm-none-eabi/lib/thumb/v7e-m/nofp/libg.a(lib_a-init.o)
                              /usr/local/Caskroom/gcc-arm-embedded/9-2019-q4-major/gcc-arm-none-eabi-9-2019-q4-major/bin/../lib/gcc/arm-none-eabi/9.2.1/../../../../arm-none-eabi/lib/thumb/v7e-m/nofp/crt0.o (__libc_init_array)
/usr/local/Caskroom/gcc-arm-embedded/9-2019-q4-major/gcc-arm-none-eabi-9-2019-q4-major/bin/../lib/gcc/arm-none-eabi/9.2.1/../../../../arm-none-eabi/lib/thumb/v7e-m/nofp/libg.a(lib_a-memset.o)
                              /usr/local/Caskroom/gcc-arm-embedded/9-2019-q4-major/gcc-arm-none-eabi-9-2019-q4-major/bin/../lib/gcc/arm-none-eabi/9.2.1/../../../../arm-none-eabi/lib/thumb/v7e-m/nofp/crt0.o (memset)
/usr/local/Caskroom/gcc-arm-embedded/9-2019-q4-major/gcc-arm-none-eabi-9-2019-q4-major/bin/../lib/gcc/arm-none-eabi/9.2.1/../../../../arm-none-eabi/lib/thumb/v7e-m/nofp/libg.a(lib_a-sprintf.o)
                              CMakeFiles/tuyaiot.elf.dir/Core/Src/main.c.obj (sprintf)
/usr/local/Caskroom/gcc-arm-embedded/9-2019-q4-major/gcc-arm-none-eabi-9-2019-q4-major/bin/../lib/gcc/arm-none-eabi/9.2.1/../../../../arm-none-eabi/lib/thumb/v7e-m/nofp/libg.a(lib_a-strlen.o)
                              CMakeFiles/tuyaiot.elf.dir/Core/Src/main.c.obj (strlen)
/usr/local/Caskroom/gcc-arm-embedded/9-2019-q4-major/gcc-arm-none-eabi-9-2019-q4-major/bin/../lib/gcc/arm-none-eabi/9.2.1/../../../../arm-none-eabi/lib/thumb/v7e-m/nofp/libg.a(lib_a-svfprintf.o)
[...]
Memory Configuration

Name             Origin             Length             Attributes
RAM              0x0000000020000000 0x0000000000008000 xrw
FLASH            0x0000000008000000 0x0000000000020000 xr
*default*        0x0000000000000000 0xffffffffffffffff

Linker script and memory map

LOAD /usr/local/Caskroom/gcc-arm-embedded/9-2019-q4-major/gcc-arm-none-eabi-9-2019-q4-major/bin/../lib/gcc/arm-none-eabi/9.2.1/thumb/v7e-m/nofp/crti.o
LOAD /usr/local/Caskroom/gcc-arm-embedded/9-2019-q4-major/gcc-arm-none-eabi-9-2019-q4-major/bin/../lib/gcc/arm-none-eabi/9.2.1/thumb/v7e-m/nofp/crtbegin.o
LOAD /usr/local/Caskroom/gcc-arm-embedded/9-2019-q4-major/gcc-arm-none-eabi-9-2019-q4-major/bin/../lib/gcc/arm-none-eabi/9.2.1/../../../../arm-none-eabi/lib/thumb/v7e-m/nofp/crt0.o
LOAD CMakeFiles/tuyaiot.elf.dir/Core/Src/gpio.c.obj
LOAD CMakeFiles/tuyaiot.elf.dir/Core/Src/i2c.c.obj
LOAD CMakeFiles/tuyaiot.elf.dir/Core/Src/main.c.obj
LOAD CMakeFiles/tuyaiot.elf.dir/Core/Src/oled.c.obj
LOAD CMakeFiles/tuyaiot.elf.dir/Core/Src/sht30.c.obj
LOAD CMakeFiles/tuyaiot.elf.dir/Core/Src/spi.c.obj
LOAD CMakeFiles/tuyaiot.elf.dir/Core/Src/stm32g4xx_hal_msp.c.obj
LOAD CMakeFiles/tuyaiot.elf.dir/Core/Src/stm32g4xx_it.c.obj
LOAD CMakeFiles/tuyaiot.elf.dir/Core/Src/syscalls.c.obj
LOAD CMakeFiles/tuyaiot.elf.dir/Core/Src/system_stm32g4xx.c.obj
LOAD CMakeFiles/tuyaiot.elf.dir/Core/Src/usart.c.obj
LOAD CMakeFiles/tuyaiot.elf.dir/Drivers/STM32G4xx_HAL_Driver/Src/stm32g4xx_hal.c.obj
LOAD CMakeFiles/tuyaiot.elf.dir/Drivers/STM32G4xx_HAL_Driver/Src/stm32g4xx_hal_cortex.c.obj
LOAD CMakeFiles/tuyaiot.elf.dir/Drivers/STM32G4xx_HAL_Driver/Src/stm32g4xx_hal_dma.c.obj
LOAD CMakeFiles/tuyaiot.elf.dir/Drivers/STM32G4xx_HAL_Driver/Src/stm32g4xx_hal_dma_ex.c.obj
LOAD CMakeFiles/tuyaiot.elf.dir/Drivers/STM32G4xx_HAL_Driver/Src/stm32g4xx_hal_exti.c.obj
LOAD CMakeFiles/tuyaiot.elf.dir/Drivers/STM32G4xx_HAL_Driver/Src/stm32g4xx_hal_flash.c.obj
LOAD CMakeFiles/tuyaiot.elf.dir/Drivers/STM32G4xx_HAL_Driver/Src/stm32g4xx_hal_flash_ex.c.obj
LOAD CMakeFiles/tuyaiot.elf.dir/Drivers/STM32G4xx_HAL_Driver/Src/stm32g4xx_hal_flash_ramfunc.c.obj
LOAD CMakeFiles/tuyaiot.elf.dir/Drivers/STM32G4xx_HAL_Driver/Src/stm32g4xx_hal_gpio.c.obj
LOAD CMakeFiles/tuyaiot.elf.dir/Drivers/STM32G4xx_HAL_Driver/Src/stm32g4xx_hal_i2c.c.obj
LOAD CMakeFiles/tuyaiot.elf.dir/Drivers/STM32G4xx_HAL_Driver/Src/stm32g4xx_hal_i2c_ex.c.obj
LOAD CMakeFiles/tuyaiot.elf.dir/Drivers/STM32G4xx_HAL_Driver/Src/stm32g4xx_hal_pwr.c.obj
LOAD CMakeFiles/tuyaiot.elf.dir/Drivers/STM32G4xx_HAL_Driver/Src/stm32g4xx_hal_pwr_ex.c.obj
LOAD CMakeFiles/tuyaiot.elf.dir/Drivers/STM32G4xx_HAL_Driver/Src/stm32g4xx_hal_rcc.c.obj
LOAD CMakeFiles/tuyaiot.elf.dir/Drivers/STM32G4xx_HAL_Driver/Src/stm32g4xx_hal_rcc_ex.c.obj
LOAD CMakeFiles/tuyaiot.elf.dir/Drivers/STM32G4xx_HAL_Driver/Src/stm32g4xx_hal_spi.c.obj
LOAD CMakeFiles/tuyaiot.elf.dir/Drivers/STM32G4xx_HAL_Driver/Src/stm32g4xx_hal_spi_ex.c.obj
LOAD CMakeFiles/tuyaiot.elf.dir/Drivers/STM32G4xx_HAL_Driver/Src/stm32g4xx_hal_tim.c.obj
LOAD CMakeFiles/tuyaiot.elf.dir/Drivers/STM32G4xx_HAL_Driver/Src/stm32g4xx_hal_tim_ex.c.obj
LOAD CMakeFiles/tuyaiot.elf.dir/Drivers/STM32G4xx_HAL_Driver/Src/stm32g4xx_hal_uart.c.obj
LOAD CMakeFiles/tuyaiot.elf.dir/Drivers/STM32G4xx_HAL_Driver/Src/stm32g4xx_hal_uart_ex.c.obj
LOAD CMakeFiles/tuyaiot.elf.dir/Drivers/wifi_sdk/mcu_api.c.obj
LOAD CMakeFiles/tuyaiot.elf.dir/Drivers/wifi_sdk/protocol.c.obj
LOAD CMakeFiles/tuyaiot.elf.dir/Drivers/wifi_sdk/system.c.obj
LOAD CMakeFiles/tuyaiot.elf.dir/startup/startup_stm32g431xx.s.obj
START GROUP
LOAD /usr/local/Caskroom/gcc-arm-embedded/9-2019-q4-major/gcc-arm-none-eabi-9-2019-q4-major/bin/../lib/gcc/arm-none-eabi/9.2.1/thumb/v7e-m/nofp/libgcc.a
LOAD /usr/local/Caskroom/gcc-arm-embedded/9-2019-q4-major/gcc-arm-none-eabi-9-2019-q4-major/bin/../lib/gcc/arm-none-eabi/9.2.1/../../../../arm-none-eabi/lib/thumb/v7e-m/nofp/libg.a
LOAD /usr/local/Caskroom/gcc-arm-embedded/9-2019-q4-major/gcc-arm-none-eabi-9-2019-q4-major/bin/../lib/gcc/arm-none-eabi/9.2.1/../../../../arm-none-eabi/lib/thumb/v7e-m/nofp/libc.a
END GROUP
LOAD /usr/local/Caskroom/gcc-arm-embedded/9-2019-q4-major/gcc-arm-none-eabi-9-2019-q4-major/bin/../lib/gcc/arm-none-eabi/9.2.1/thumb/v7e-m/nofp/crtend.o
LOAD /usr/local/Caskroom/gcc-arm-embedded/9-2019-q4-major/gcc-arm-none-eabi-9-2019-q4-major/bin/../lib/gcc/arm-none-eabi/9.2.1/thumb/v7e-m/nofp/crtn.o
                0x0000000020008000                _estack = 0x20008000
                0x0000000000000200                _Min_Heap_Size = 0x200
                0x0000000000000400                _Min_Stack_Size = 0x400

.isr_vector     0x0000000008000000      0x1d8
                0x0000000008000000                . = ALIGN (0x4)
 *(.isr_vector)
 .isr_vector    0x0000000008000000      0x1d8 CMakeFiles/tuyaiot.elf.dir/startup/startup_stm32g431xx.s.obj
                0x0000000008000000                g_pfnVectors
                0x00000000080001d8                . = ALIGN (0x4)

.text           0x0000000008000200     0x8d50
                0x0000000008000200                . = ALIGN (0x4)
 *(.text)
 .text          0x0000000008000200       0x40 /usr/local/Caskroom/gcc-arm-embedded/9-2019-q4-major/gcc-arm-none-eabi-9-2019-q4-major/bin/../lib/gcc/arm-none-eabi/9.2.1/thumb/v7e-m/nofp/crtbegin.o
 .text          0x0000000008000240      0x21c /usr/local/Caskroom/gcc-arm-embedded/9-2019-q4-major/gcc-arm-none-eabi-9-2019-q4-major/bin/../lib/gcc/arm-none-eabi/9.2.1/thumb/v7e-m/nofp/libgcc.a(_arm_addsubsf3.o)
                0x0000000008000240                __aeabi_frsub
                0x0000000008000248                __aeabi_fsub
                0x0000000008000248                __subsf3
                0x000000000800024c                __aeabi_fadd
                0x000000000800024c                __addsf3
                0x00000000080003ac                __aeabi_ui2f
                0x00000000080003ac                __floatunsisf
                0x00000000080003b4                __floatsisf
                0x00000000080003b4                __aeabi_i2f
                0x00000000080003d0                __aeabi_ul2f
                0x00000000080003d0                __floatundisf
                0x00000000080003e0                __aeabi_l2f
                0x00000000080003e0                __floatdisf
 .text          0x000000000800045c      0x2a0 /usr/local/Caskroom/gcc-arm-embedded/9-2019-q4-major/gcc-arm-none-eabi-9-2019-q4-major/bin/../lib/gcc/arm-none-eabi/9.2.1/thumb/v7e-m/nofp/libgcc.a(_arm_muldivsf3.o)
                0x000000000800045c                __mulsf3
                0x000000000800045c                __aeabi_fmul
                0x00000000080005c4                __divsf3
                0x00000000080005c4                __aeabi_fdiv
 .text          0x00000000080006fc       0x40 /usr/local/Caskroom/gcc-arm-embedded/9-2019-q4-major/gcc-arm-none-eabi-9-2019-q4-major/bin/../lib/gcc/arm-none-eabi/9.2.1/thumb/v7e-m/nofp/libgcc.a(_arm_fixunssfsi.o)
                0x00000000080006fc                __aeabi_f2uiz
                0x00000000080006fc                __fixunssfsi
 .text          0x000000000800073c       0x30 /usr/local/Caskroom/gcc-arm-embedded/9-2019-q4-major/gcc-arm-none-eabi-9-2019-q4-major/bin/../lib/gcc/arm-none-eabi/9.2.1/thumb/v7e-m/nofp/libgcc.a(_aeabi_uldivmod.o)
                0x000000000800073c                __aeabi_uldivmod
 .text          0x000000000800076c      0x2c0 /usr/local/Caskroom/gcc-arm-embedded/9-2019-q4-major/gcc-arm-none-eabi-9-2019-q4-major/bin/../lib/gcc/arm-none-eabi/9.2.1/thumb/v7e-m/nofp/libgcc.a(_udivmoddi4.o)
                0x000000000800076c                __udivmoddi4
 .text          0x0000000008000a2c        0x4 /usr/local/Caskroom/gcc-arm-embedded/9-2019-q4-major/gcc-arm-none-eabi-9-2019-q4-major/bin/../lib/gcc/arm-none-eabi/9.2.1/thumb/v7e-m/nofp/libgcc.a(_dvmd_tls.o)
                0x0000000008000a2c                __aeabi_ldiv0
                0x0000000008000a2c                __aeabi_idiv0
 *fill*         0x0000000008000a30       0x10 
 .text          0x0000000008000a40       0xdc /usr/local/Caskroom/gcc-arm-embedded/9-2019-q4-major/gcc-arm-none-eabi-9-2019-q4-major/bin/../lib/gcc/arm-none-eabi/9.2.1/../../../../arm-none-eabi/lib/thumb/v7e-m/nofp/libg.a(lib_a-strlen.o)
                0x0000000008000a40                strlen
 *fill*         0x0000000008000b1c        0x4 
 .text          0x0000000008000b20       0xa0 /usr/local/Caskroom/gcc-arm-embedded/9-2019-q4-major/gcc-arm-none-eabi-9-2019-q4-major/bin/../lib/gcc/arm-none-eabi/9.2.1/../../../../arm-none-eabi/lib/thumb/v7e-m/nofp/libg.a(lib_a-memchr.o)
                0x0000000008000b20                memchr
 .text          0x0000000008000bc0      0x134 /usr/local/Caskroom/gcc-arm-embedded/9-2019-q4-major/gcc-arm-none-eabi-9-2019-q4-major/bin/../lib/gcc/arm-none-eabi/9.2.1/../../../../arm-none-eabi/lib/thumb/v7e-m/nofp/libg.a(lib_a-memcpy.o)
                0x0000000008000bc0                memcpy
 .text          0x0000000008000cf4      0x378 /usr/local/Caskroom/gcc-arm-embedded/9-2019-q4-major/gcc-arm-none-eabi-9-2019-q4-major/bin/../lib/gcc/arm-none-eabi/9.2.1/thumb/v7e-m/nofp/libgcc.a(_arm_addsubdf3.o)
                0x0000000008000cf4                __aeabi_drsub
                0x0000000008000cfc                __subdf3
                0x0000000008000cfc                __aeabi_dsub
                0x0000000008000d00                __aeabi_dadd
                0x0000000008000d00                __adddf3
                0x0000000008000f78                __aeabi_ui2d
                0x0000000008000f78                __floatunsidf
                0x0000000008000f98                __floatsidf
                0x0000000008000f98                __aeabi_i2d
                0x0000000008000fbc                __extendsfdf2
                0x0000000008000fbc                __aeabi_f2d
                0x0000000008001000                __aeabi_ul2d
                0x0000000008001000                __floatundidf
                0x0000000008001010                __aeabi_l2d
                0x0000000008001010                __floatdidf
 .text          0x000000000800106c      0x424 /usr/local/Caskroom/gcc-arm-embedded/9-2019-q4-major/gcc-arm-none-eabi-9-2019-q4-major/bin/../lib/gcc/arm-none-eabi/9.2.1/thumb/v7e-m/nofp/libgcc.a(_arm_muldivdf3.o)
                0x000000000800106c                __aeabi_dmul
                0x000000000800106c                __muldf3
                0x00000000080012c0                __aeabi_ddiv
                0x00000000080012c0                __divdf3
 .text          0x0000000008001490      0x110 /usr/local/Caskroom/gcc-arm-embedded/9-2019-q4-major/gcc-arm-none-eabi-9-2019-q4-major/bin/../lib/gcc/arm-none-eabi/9.2.1/thumb/v7e-m/nofp/libgcc.a(_arm_cmpdf2.o)
                0x0000000008001490                __gedf2
                0x0000000008001490                __gtdf2
                0x0000000008001498                __ledf2
                0x0000000008001498                __ltdf2
                0x00000000080014a0                __cmpdf2
                0x00000000080014a0                __eqdf2
                0x00000000080014a0                __nedf2
                0x000000000800151c                __aeabi_cdrcmple
                0x000000000800152c                __aeabi_cdcmple
                0x000000000800152c                __aeabi_cdcmpeq
                0x000000000800153c                __aeabi_dcmpeq
                0x0000000008001550                __aeabi_dcmplt
                0x0000000008001564                __aeabi_dcmple
                0x0000000008001578                __aeabi_dcmpge
                0x000000000800158c                __aeabi_dcmpgt
 .text          0x00000000080015a0       0x2c /usr/local/Caskroom/gcc-arm-embedded/9-2019-q4-major/gcc-arm-none-eabi-9-2019-q4-major/bin/../lib/gcc/arm-none-eabi/9.2.1/thumb/v7e-m/nofp/libgcc.a(_arm_unorddf2.o)
                0x00000000080015a0                __aeabi_dcmpun
                0x00000000080015a0                __unorddf2
 .text          0x00000000080015cc       0x50 /usr/local/Caskroom/gcc-arm-embedded/9-2019-q4-major/gcc-arm-none-eabi-9-2019-q4-major/bin/../lib/gcc/arm-none-eabi/9.2.1/thumb/v7e-m/nofp/libgcc.a(_arm_fixdfsi.o)
                0x00000000080015cc                __fixdfsi
                0x00000000080015cc                __aeabi_d2iz
 *(.text*)
 .text.MX_GPIO_Init
                0x000000000800161c       0x74 CMakeFiles/tuyaiot.elf.dir/Core/Src/gpio.c.obj
                0x000000000800161c                MX_GPIO_Init
 .text.MX_I2C1_Init
                0x0000000008001690       0x60 CMakeFiles/tuyaiot.elf.dir/Core/Src/i2c.c.obj
                0x0000000008001690                MX_I2C1_Init
 .text.MX_I2C3_Init
                0x00000000080016f0       0x5c CMakeFiles/tuyaiot.elf.dir/Core/Src/i2c.c.obj
                0x00000000080016f0                MX_I2C3_Init
 .text.HAL_I2C_MspInit
                0x000000000800174c      0x11c CMakeFiles/tuyaiot.elf.dir/Core/Src/i2c.c.obj
                0x000000000800174c                HAL_I2C_MspInit
 .text.HAL_UART_RxCpltCallback
                0x0000000008001868       0x2c CMakeFiles/tuyaiot.elf.dir/Core/Src/main.c.obj
                0x0000000008001868                HAL_UART_RxCpltCallback
 .text.Error_Handler
                0x0000000008001894        0x4 CMakeFiles/tuyaiot.elf.dir/Core/Src/main.c.obj
                0x0000000008001894                Error_Handler
 .text.SystemClock_Config
                0x0000000008001898       0x90 CMakeFiles/tuyaiot.elf.dir/Core/Src/main.c.obj
                0x0000000008001898                SystemClock_Config
 .text.main     0x0000000008001928      0x164 CMakeFiles/tuyaiot.elf.dir/Core/Src/main.c.obj
                0x0000000008001928                main
 .text.WriteCmd
                0x0000000008001a8c       0x38 CMakeFiles/tuyaiot.elf.dir/Core/Src/oled.c.obj
                0x0000000008001a8c                WriteCmd
 .text.OLED_WR_CMD
                0x0000000008001ac4       0x2c CMakeFiles/tuyaiot.elf.dir/Core/Src/oled.c.obj
                0x0000000008001ac4                OLED_WR_CMD
 .text.OLED_WR_DATA
                0x0000000008001af0       0x2c CMakeFiles/tuyaiot.elf.dir/Core/Src/oled.c.obj
                0x0000000008001af0                OLED_WR_DATA
 .text.OLED_Init
                0x0000000008001b1c        0xe CMakeFiles/tuyaiot.elf.dir/Core/Src/oled.c.obj
                0x0000000008001b1c                OLED_Init
 .text.OLED_Clear
                0x0000000008001b2a       0x3a CMakeFiles/tuyaiot.elf.dir/Core/Src/oled.c.obj
                0x0000000008001b2a                OLED_Clear
 .text.OLED_Display_On
                0x0000000008001b64       0x16 CMakeFiles/tuyaiot.elf.dir/Core/Src/oled.c.obj
                0x0000000008001b64                OLED_Display_On
 .text.OLED_Set_Pos
                0x0000000008001b7a       0x22 CMakeFiles/tuyaiot.elf.dir/Core/Src/oled.c.obj
                0x0000000008001b7a                OLED_Set_Pos
 .text.OLED_ShowChar
                0x0000000008001b9c       0x90 CMakeFiles/tuyaiot.elf.dir/Core/Src/oled.c.obj
                0x0000000008001b9c                OLED_ShowChar
 .text.OLED_ShowString
                0x0000000008001c2c       0x36 CMakeFiles/tuyaiot.elf.dir/Core/Src/oled.c.obj
                0x0000000008001c2c                OLED_ShowString
 *fill*         0x0000000008001c62        0x2 
 .text.SHT30_Send_Cmd
                0x0000000008001c64       0x2c CMakeFiles/tuyaiot.elf.dir/Core/Src/sht30.c.obj
 .text.SHT30_Reset
                0x0000000008001c90       0x12 CMakeFiles/tuyaiot.elf.dir/Core/Src/sht30.c.obj
                0x0000000008001c90                SHT30_Reset
 .text.SHT30_Init
                0x0000000008001ca2        0xc CMakeFiles/tuyaiot.elf.dir/Core/Src/sht30.c.obj
                0x0000000008001ca2                SHT30_Init
 *fill*         0x0000000008001cae        0x2 
 .text.SHT30_Read_Dat
                0x0000000008001cb0       0x28 CMakeFiles/tuyaiot.elf.dir/Core/Src/sht30.c.obj
                0x0000000008001cb0                SHT30_Read_Dat
 .text.CheckCrc8
                0x0000000008001cd8       0x3a CMakeFiles/tuyaiot.elf.dir/Core/Src/sht30.c.obj
                0x0000000008001cd8                CheckCrc8
 *fill*         0x0000000008001d12        0x2 
 .text.SHT30_Dat_To_Float
                0x0000000008001d14       0x78 CMakeFiles/tuyaiot.elf.dir/Core/Src/sht30.c.obj
                0x0000000008001d14                SHT30_Dat_To_Float
 .text.MX_SPI1_Init
                0x0000000008001d8c       0x4c CMakeFiles/tuyaiot.elf.dir/Core/Src/spi.c.obj
                0x0000000008001d8c                MX_SPI1_Init
 .text.HAL_SPI_MspInit
                0x0000000008001dd8       0x68 CMakeFiles/tuyaiot.elf.dir/Core/Src/spi.c.obj
                0x0000000008001dd8                HAL_SPI_MspInit
 .text.HAL_MspInit
                0x0000000008001e40       0x38 CMakeFiles/tuyaiot.elf.dir/Core/Src/stm32g4xx_hal_msp.c.obj
                0x0000000008001e40                HAL_MspInit
 .text.NMI_Handler
                0x0000000008001e78        0x2 CMakeFiles/tuyaiot.elf.dir/Core/Src/stm32g4xx_it.c.obj
                0x0000000008001e78                NMI_Handler
 .text.HardFault_Handler
                0x0000000008001e7a        0x2 CMakeFiles/tuyaiot.elf.dir/Core/Src/stm32g4xx_it.c.obj
                0x0000000008001e7a                HardFault_Handler
 .text.MemManage_Handler
                0x0000000008001e7c        0x2 CMakeFiles/tuyaiot.elf.dir/Core/Src/stm32g4xx_it.c.obj
                0x0000000008001e7c                MemManage_Handler
 .text.BusFault_Handler
                0x0000000008001e7e        0x2 CMakeFiles/tuyaiot.elf.dir/Core/Src/stm32g4xx_it.c.obj
                0x0000000008001e7e                BusFault_Handler
 .text.UsageFault_Handler
                0x0000000008001e80        0x2 CMakeFiles/tuyaiot.elf.dir/Core/Src/stm32g4xx_it.c.obj
                0x0000000008001e80                UsageFault_Handler
 .text.SVC_Handler
                0x0000000008001e82        0x2 CMakeFiles/tuyaiot.elf.dir/Core/Src/stm32g4xx_it.c.obj
                0x0000000008001e82                SVC_Handler
 .text.DebugMon_Handler
                0x0000000008001e84        0x2 CMakeFiles/tuyaiot.elf.dir/Core/Src/stm32g4xx_it.c.obj
                0x0000000008001e84                DebugMon_Handler
 .text.PendSV_Handler
                0x0000000008001e86        0x2 CMakeFiles/tuyaiot.elf.dir/Core/Src/stm32g4xx_it.c.obj
                0x0000000008001e86                PendSV_Handler
 .text.SysTick_Handler
                0x0000000008001e88        0x8 CMakeFiles/tuyaiot.elf.dir/Core/Src/stm32g4xx_it.c.obj
                0x0000000008001e88                SysTick_Handler
 .text.USART1_IRQHandler
                0x0000000008001e90       0x10 CMakeFiles/tuyaiot.elf.dir/Core/Src/stm32g4xx_it.c.obj
                0x0000000008001e90                USART1_IRQHandler
 .text._sbrk    0x0000000008001ea0       0x3c CMakeFiles/tuyaiot.elf.dir/Core/Src/syscalls.c.obj
                0x0000000008001ea0                _sbrk
 .text.SystemInit
                0x0000000008001edc       0x10 CMakeFiles/tuyaiot.elf.dir/Core/Src/system_stm32g4xx.c.obj
                0x0000000008001edc                SystemInit
 .text.MX_USART1_UART_Init
                0x0000000008001eec       0x68 CMakeFiles/tuyaiot.elf.dir/Core/Src/usart.c.obj
                0x0000000008001eec                MX_USART1_UART_Init
 .text.HAL_UART_MspInit
                0x0000000008001f54       0x78 CMakeFiles/tuyaiot.elf.dir/Core/Src/usart.c.obj
                0x0000000008001f54                HAL_UART_MspInit
 .text.HAL_InitTick
                0x0000000008001fcc       0x50 CMakeFiles/tuyaiot.elf.dir/Drivers/STM32G4xx_HAL_Driver/Src/stm32g4xx_hal.c.obj
                0x0000000008001fcc                HAL_InitTick
 .text.HAL_Init
                0x000000000800201c       0x1e CMakeFiles/tuyaiot.elf.dir/Drivers/STM32G4xx_HAL_Driver/Src/stm32g4xx_hal.c.obj
                0x000000000800201c                HAL_Init
 *fill*         0x000000000800203a        0x2 
 .text.HAL_IncTick
                0x000000000800203c       0x18 CMakeFiles/tuyaiot.elf.dir/Drivers/STM32G4xx_HAL_Driver/Src/stm32g4xx_hal.c.obj
                0x000000000800203c                HAL_IncTick
 .text.HAL_GetTick
                0x0000000008002054        0xc CMakeFiles/tuyaiot.elf.dir/Drivers/STM32G4xx_HAL_Driver/Src/stm32g4xx_hal.c.obj
                0x0000000008002054                HAL_GetTick
 .text.HAL_Delay
                0x0000000008002060       0x28 CMakeFiles/tuyaiot.elf.dir/Drivers/STM32G4xx_HAL_Driver/Src/stm32g4xx_hal.c.obj
                0x0000000008002060                HAL_Delay
 .text.HAL_NVIC_SetPriorityGrouping
                0x0000000008002088       0x24 CMakeFiles/tuyaiot.elf.dir/Drivers/STM32G4xx_HAL_Driver/Src/stm32g4xx_hal_cortex.c.obj
                0x0000000008002088                HAL_NVIC_SetPriorityGrouping
 .text.HAL_NVIC_SetPriority
                0x00000000080020ac       0x68 CMakeFiles/tuyaiot.elf.dir/Drivers/STM32G4xx_HAL_Driver/Src/stm32g4xx_hal_cortex.c.obj
                0x00000000080020ac                HAL_NVIC_SetPriority
 .text.HAL_NVIC_EnableIRQ
                0x0000000008002114       0x1c CMakeFiles/tuyaiot.elf.dir/Drivers/STM32G4xx_HAL_Driver/Src/stm32g4xx_hal_cortex.c.obj
                0x0000000008002114                HAL_NVIC_EnableIRQ
 .text.HAL_SYSTICK_Config
                0x0000000008002130       0x2c CMakeFiles/tuyaiot.elf.dir/Drivers/STM32G4xx_HAL_Driver/Src/stm32g4xx_hal_cortex.c.obj
                0x0000000008002130                HAL_SYSTICK_Config
 .text.HAL_DMA_Abort_IT
                0x000000000800215c       0x7e CMakeFiles/tuyaiot.elf.dir/Drivers/STM32G4xx_HAL_Driver/Src/stm32g4xx_hal_dma.c.obj
                0x000000000800215c                HAL_DMA_Abort_IT
 *fill*         0x00000000080021da        0x2 
 .text.HAL_GPIO_Init
                0x00000000080021dc      0x1a4 CMakeFiles/tuyaiot.elf.dir/Drivers/STM32G4xx_HAL_Driver/Src/stm32g4xx_hal_gpio.c.obj
                0x00000000080021dc                HAL_GPIO_Init
 .text.HAL_GPIO_WritePin
                0x0000000008002380        0xa CMakeFiles/tuyaiot.elf.dir/Drivers/STM32G4xx_HAL_Driver/Src/stm32g4xx_hal_gpio.c.obj
                0x0000000008002380                HAL_GPIO_WritePin
 .text.HAL_GPIO_TogglePin
                0x000000000800238a       0x12 CMakeFiles/tuyaiot.elf.dir/Drivers/STM32G4xx_HAL_Driver/Src/stm32g4xx_hal_gpio.c.obj
                0x000000000800238a                HAL_GPIO_TogglePin
 .text.I2C_Flush_TXDR
                0x000000000800239c       0x22 CMakeFiles/tuyaiot.elf.dir/Drivers/STM32G4xx_HAL_Driver/Src/stm32g4xx_hal_i2c.c.obj
 .text.I2C_TransferConfig
                0x00000000080023be       0x36 CMakeFiles/tuyaiot.elf.dir/Drivers/STM32G4xx_HAL_Driver/Src/stm32g4xx_hal_i2c.c.obj
 .text.I2C_IsAcknowledgeFailed
                0x00000000080023f4       0x90 CMakeFiles/tuyaiot.elf.dir/Drivers/STM32G4xx_HAL_Driver/Src/stm32g4xx_hal_i2c.c.obj
 .text.I2C_WaitOnTXISFlagUntilTimeout
                0x0000000008002484       0x56 CMakeFiles/tuyaiot.elf.dir/Drivers/STM32G4xx_HAL_Driver/Src/stm32g4xx_hal_i2c.c.obj
 .text.I2C_WaitOnFlagUntilTimeout
                0x00000000080024da       0x56 CMakeFiles/tuyaiot.elf.dir/Drivers/STM32G4xx_HAL_Driver/Src/stm32g4xx_hal_i2c.c.obj
 .text.I2C_RequestMemoryWrite
                0x0000000008002530       0x7c CMakeFiles/tuyaiot.elf.dir/Drivers/STM32G4xx_HAL_Driver/Src/stm32g4xx_hal_i2c.c.obj
 .text.I2C_WaitOnSTOPFlagUntilTimeout
                0x00000000080025ac       0x50 CMakeFiles/tuyaiot.elf.dir/Drivers/STM32G4xx_HAL_Driver/Src/stm32g4xx_hal_i2c.c.obj
 .text.I2C_WaitOnRXNEFlagUntilTimeout
                0x00000000080025fc       0x98 CMakeFiles/tuyaiot.elf.dir/Drivers/STM32G4xx_HAL_Driver/Src/stm32g4xx_hal_i2c.c.obj
 .text.HAL_I2C_Init
                0x0000000008002694       0xbc CMakeFiles/tuyaiot.elf.dir/Drivers/STM32G4xx_HAL_Driver/Src/stm32g4xx_hal_i2c.c.obj
                0x0000000008002694                HAL_I2C_Init
 .text.HAL_I2C_Master_Transmit
                0x0000000008002750      0x17c CMakeFiles/tuyaiot.elf.dir/Drivers/STM32G4xx_HAL_Driver/Src/stm32g4xx_hal_i2c.c.obj
                0x0000000008002750                HAL_I2C_Master_Transmit
 .text.HAL_I2C_Master_Receive
                0x00000000080028cc      0x17c CMakeFiles/tuyaiot.elf.dir/Drivers/STM32G4xx_HAL_Driver/Src/stm32g4xx_hal_i2c.c.obj
                0x00000000080028cc                HAL_I2C_Master_Receive
 .text.HAL_I2C_Mem_Write
                0x0000000008002a48      0x1a8 CMakeFiles/tuyaiot.elf.dir/Drivers/STM32G4xx_HAL_Driver/Src/stm32g4xx_hal_i2c.c.obj
                0x0000000008002a48                HAL_I2C_Mem_Write
 .text.HAL_I2CEx_ConfigAnalogFilter
                0x0000000008002bf0       0x5c CMakeFiles/tuyaiot.elf.dir/Drivers/STM32G4xx_HAL_Driver/Src/stm32g4xx_hal_i2c_ex.c.obj
                0x0000000008002bf0                HAL_I2CEx_ConfigAnalogFilter
 .text.HAL_I2CEx_ConfigDigitalFilter
                0x0000000008002c4c       0x58 CMakeFiles/tuyaiot.elf.dir/Drivers/STM32G4xx_HAL_Driver/Src/stm32g4xx_hal_i2c_ex.c.obj
                0x0000000008002c4c                HAL_I2CEx_ConfigDigitalFilter
 .text.HAL_PWREx_ControlVoltageScaling
                0x0000000008002ca4      0x10c CMakeFiles/tuyaiot.elf.dir/Drivers/STM32G4xx_HAL_Driver/Src/stm32g4xx_hal_pwr_ex.c.obj
                0x0000000008002ca4                HAL_PWREx_ControlVoltageScaling
 .text.HAL_PWREx_DisableUCPDDeadBattery
                0x0000000008002db0       0x10 CMakeFiles/tuyaiot.elf.dir/Drivers/STM32G4xx_HAL_Driver/Src/stm32g4xx_hal_pwr_ex.c.obj
                0x0000000008002db0                HAL_PWREx_DisableUCPDDeadBattery
 .text.RCC_GetSysClockFreqFromPLLSource
                0x0000000008002dc0       0x58 CMakeFiles/tuyaiot.elf.dir/Drivers/STM32G4xx_HAL_Driver/Src/stm32g4xx_hal_rcc.c.obj
 .text.HAL_RCC_OscConfig
                0x0000000008002e18      0x4e8 CMakeFiles/tuyaiot.elf.dir/Drivers/STM32G4xx_HAL_Driver/Src/stm32g4xx_hal_rcc.c.obj
                0x0000000008002e18                HAL_RCC_OscConfig
 .text.HAL_RCC_GetSysClockFreq
                0x0000000008003300       0x88 CMakeFiles/tuyaiot.elf.dir/Drivers/STM32G4xx_HAL_Driver/Src/stm32g4xx_hal_rcc.c.obj
                0x0000000008003300                HAL_RCC_GetSysClockFreq
 .text.HAL_RCC_ClockConfig
                0x0000000008003388      0x1f8 CMakeFiles/tuyaiot.elf.dir/Drivers/STM32G4xx_HAL_Driver/Src/stm32g4xx_hal_rcc.c.obj
                0x0000000008003388                HAL_RCC_ClockConfig
 .text.HAL_RCC_GetHCLKFreq
                0x0000000008003580        0xc CMakeFiles/tuyaiot.elf.dir/Drivers/STM32G4xx_HAL_Driver/Src/stm32g4xx_hal_rcc.c.obj
                0x0000000008003580                HAL_RCC_GetHCLKFreq
 .text.HAL_RCC_GetPCLK1Freq
                0x000000000800358c       0x24 CMakeFiles/tuyaiot.elf.dir/Drivers/STM32G4xx_HAL_Driver/Src/stm32g4xx_hal_rcc.c.obj
                0x000000000800358c                HAL_RCC_GetPCLK1Freq
 .text.HAL_RCC_GetPCLK2Freq
                0x00000000080035b0       0x24 CMakeFiles/tuyaiot.elf.dir/Drivers/STM32G4xx_HAL_Driver/Src/stm32g4xx_hal_rcc.c.obj
                0x00000000080035b0                HAL_RCC_GetPCLK2Freq
 .text.HAL_RCCEx_PeriphCLKConfig
                0x00000000080035d4      0x2e4 CMakeFiles/tuyaiot.elf.dir/Drivers/STM32G4xx_HAL_Driver/Src/stm32g4xx_hal_rcc_ex.c.obj
                0x00000000080035d4                HAL_RCCEx_PeriphCLKConfig
 .text.HAL_SPI_Init
                0x00000000080038b8       0xe8 CMakeFiles/tuyaiot.elf.dir/Drivers/STM32G4xx_HAL_Driver/Src/stm32g4xx_hal_spi.c.obj
                0x00000000080038b8                HAL_SPI_Init
 .text.UART_EndRxTransfer
                0x00000000080039a0       0x24 CMakeFiles/tuyaiot.elf.dir/Drivers/STM32G4xx_HAL_Driver/Src/stm32g4xx_hal_uart.c.obj
 .text.HAL_UART_Receive_IT
                0x00000000080039c4      0x128 CMakeFiles/tuyaiot.elf.dir/Drivers/STM32G4xx_HAL_Driver/Src/stm32g4xx_hal_uart.c.obj
                0x00000000080039c4                HAL_UART_Receive_IT
 .text.HAL_UART_TxCpltCallback
                0x0000000008003aec        0x2 CMakeFiles/tuyaiot.elf.dir/Drivers/STM32G4xx_HAL_Driver/Src/stm32g4xx_hal_uart.c.obj
                0x0000000008003aec                HAL_UART_TxCpltCallback
 .text.UART_EndTransmit_IT
                0x0000000008003aee       0x1c CMakeFiles/tuyaiot.elf.dir/Drivers/STM32G4xx_HAL_Driver/Src/stm32g4xx_hal_uart.c.obj
 .text.UART_RxISR_8BIT
                0x0000000008003b0a       0x68 CMakeFiles/tuyaiot.elf.dir/Drivers/STM32G4xx_HAL_Driver/Src/stm32g4xx_hal_uart.c.obj
 .text.UART_RxISR_16BIT
                0x0000000008003b72       0x66 CMakeFiles/tuyaiot.elf.dir/Drivers/STM32G4xx_HAL_Driver/Src/stm32g4xx_hal_uart.c.obj
 .text.UART_RxISR_8BIT_FIFOEN
                0x0000000008003bd8       0xac CMakeFiles/tuyaiot.elf.dir/Drivers/STM32G4xx_HAL_Driver/Src/stm32g4xx_hal_uart.c.obj
 .text.UART_RxISR_16BIT_FIFOEN
                0x0000000008003c84       0xac CMakeFiles/tuyaiot.elf.dir/Drivers/STM32G4xx_HAL_Driver/Src/stm32g4xx_hal_uart.c.obj
 .text.HAL_UART_ErrorCallback
                0x0000000008003d30        0x2 CMakeFiles/tuyaiot.elf.dir/Drivers/STM32G4xx_HAL_Driver/Src/stm32g4xx_hal_uart.c.obj
                0x0000000008003d30                HAL_UART_ErrorCallback
 *fill*         0x0000000008003d32        0x2 
 .text.HAL_UART_IRQHandler
                0x0000000008003d34      0x1ec CMakeFiles/tuyaiot.elf.dir/Drivers/STM32G4xx_HAL_Driver/Src/stm32g4xx_hal_uart.c.obj
                0x0000000008003d34                HAL_UART_IRQHandler
 .text.UART_DMAAbortOnError
                0x0000000008003f20       0x14 CMakeFiles/tuyaiot.elf.dir/Drivers/STM32G4xx_HAL_Driver/Src/stm32g4xx_hal_uart.c.obj
 .text.UART_SetConfig
                0x0000000008003f34      0x350 CMakeFiles/tuyaiot.elf.dir/Drivers/STM32G4xx_HAL_Driver/Src/stm32g4xx_hal_uart.c.obj
                0x0000000008003f34                UART_SetConfig
 .text.UART_AdvFeatureConfig
                0x0000000008004284       0xca CMakeFiles/tuyaiot.elf.dir/Drivers/STM32G4xx_HAL_Driver/Src/stm32g4xx_hal_uart.c.obj
                0x0000000008004284                UART_AdvFeatureConfig
 .text.UART_WaitOnFlagUntilTimeout
                0x000000000800434e       0xac CMakeFiles/tuyaiot.elf.dir/Drivers/STM32G4xx_HAL_Driver/Src/stm32g4xx_hal_uart.c.obj
                0x000000000800434e                UART_WaitOnFlagUntilTimeout
 .text.HAL_UART_Transmit
                0x00000000080043fa       0xde CMakeFiles/tuyaiot.elf.dir/Drivers/STM32G4xx_HAL_Driver/Src/stm32g4xx_hal_uart.c.obj
                0x00000000080043fa                HAL_UART_Transmit
 .text.UART_CheckIdleState
                0x00000000080044d8       0x72 CMakeFiles/tuyaiot.elf.dir/Drivers/STM32G4xx_HAL_Driver/Src/stm32g4xx_hal_uart.c.obj
                0x00000000080044d8                UART_CheckIdleState
 .text.HAL_UART_Init
                0x000000000800454a       0x66 CMakeFiles/tuyaiot.elf.dir/Drivers/STM32G4xx_HAL_Driver/Src/stm32g4xx_hal_uart.c.obj
                0x000000000800454a                HAL_UART_Init
 .text.UARTEx_SetNbDataToProcess
                0x00000000080045b0       0x70 CMakeFiles/tuyaiot.elf.dir/Drivers/STM32G4xx_HAL_Driver/Src/stm32g4xx_hal_uart_ex.c.obj
 .text.HAL_UARTEx_WakeupCallback
                0x0000000008004620        0x2 CMakeFiles/tuyaiot.elf.dir/Drivers/STM32G4xx_HAL_Driver/Src/stm32g4xx_hal_uart_ex.c.obj
                0x0000000008004620                HAL_UARTEx_WakeupCallback
 .text.HAL_UARTEx_RxFifoFullCallback
                0x0000000008004622        0x2 CMakeFiles/tuyaiot.elf.dir/Drivers/STM32G4xx_HAL_Driver/Src/stm32g4xx_hal_uart_ex.c.obj
                0x0000000008004622                HAL_UARTEx_RxFifoFullCallback
 .text.HAL_UARTEx_TxFifoEmptyCallback
                0x0000000008004624        0x2 CMakeFiles/tuyaiot.elf.dir/Drivers/STM32G4xx_HAL_Driver/Src/stm32g4xx_hal_uart_ex.c.obj
                0x0000000008004624                HAL_UARTEx_TxFifoEmptyCallback
 .text.HAL_UARTEx_DisableFifoMode
                0x0000000008004626       0x3e CMakeFiles/tuyaiot.elf.dir/Drivers/STM32G4xx_HAL_Driver/Src/stm32g4xx_hal_uart_ex.c.obj
                0x0000000008004626                HAL_UARTEx_DisableFifoMode
 .text.HAL_UARTEx_SetTxFifoThreshold
                0x0000000008004664       0x4a CMakeFiles/tuyaiot.elf.dir/Drivers/STM32G4xx_HAL_Driver/Src/stm32g4xx_hal_uart_ex.c.obj
                0x0000000008004664                HAL_UARTEx_SetTxFifoThreshold
 .text.HAL_UARTEx_SetRxFifoThreshold
                0x00000000080046ae       0x4a CMakeFiles/tuyaiot.elf.dir/Drivers/STM32G4xx_HAL_Driver/Src/stm32g4xx_hal_uart_ex.c.obj
                0x00000000080046ae                HAL_UARTEx_SetRxFifoThreshold
 .text.my_strlen
                0x00000000080046f8       0x18 CMakeFiles/tuyaiot.elf.dir/Drivers/wifi_sdk/mcu_api.c.obj
                0x00000000080046f8                my_strlen
 .text.my_memcpy
                0x0000000008004710       0x3e CMakeFiles/tuyaiot.elf.dir/Drivers/wifi_sdk/mcu_api.c.obj
                0x0000000008004710                my_memcpy
 *fill*         0x000000000800474e        0x2 
 .text.mcu_dp_value_update
                0x0000000008004750       0x5c CMakeFiles/tuyaiot.elf.dir/Drivers/wifi_sdk/mcu_api.c.obj
                0x0000000008004750                mcu_dp_value_update
 .text.uart_receive_input
                0x00000000080047ac       0x40 CMakeFiles/tuyaiot.elf.dir/Drivers/wifi_sdk/mcu_api.c.obj
                0x00000000080047ac                uart_receive_input
 .text.wifi_uart_service
                0x00000000080047ec       0xd0 CMakeFiles/tuyaiot.elf.dir/Drivers/wifi_sdk/mcu_api.c.obj
                0x00000000080047ec                wifi_uart_service
 .text.wifi_protocol_init
                0x00000000080048bc       0x2c CMakeFiles/tuyaiot.elf.dir/Drivers/wifi_sdk/mcu_api.c.obj
                0x00000000080048bc                wifi_protocol_init
 .text.uart_transmit_output
                0x00000000080048e8       0x20 CMakeFiles/tuyaiot.elf.dir/Drivers/wifi_sdk/protocol.c.obj
                0x00000000080048e8                uart_transmit_output
 .text.all_data_update
                0x0000000008004908        0x2 CMakeFiles/tuyaiot.elf.dir/Drivers/wifi_sdk/protocol.c.obj
                0x0000000008004908                all_data_update
 .text.dp_download_handle
                0x000000000800490a        0x4 CMakeFiles/tuyaiot.elf.dir/Drivers/wifi_sdk/protocol.c.obj
                0x000000000800490a                dp_download_handle
 .text.get_download_cmd_total
                0x000000000800490e        0x4 CMakeFiles/tuyaiot.elf.dir/Drivers/wifi_sdk/protocol.c.obj
                0x000000000800490e                get_download_cmd_total
 .text.wifi_test_result
                0x0000000008004912        0x2 CMakeFiles/tuyaiot.elf.dir/Drivers/wifi_sdk/protocol.c.obj
                0x0000000008004912                wifi_test_result
 .text.wifi_uart_write_data
                0x0000000008004914       0x1e CMakeFiles/tuyaiot.elf.dir/Drivers/wifi_sdk/system.c.obj
 *fill*         0x0000000008004932        0x2 
 .text.get_dowmload_dpid_index
                0x0000000008004934       0x28 CMakeFiles/tuyaiot.elf.dir/Drivers/wifi_sdk/system.c.obj
 .text.data_point_handle
                0x000000000800495c       0x38 CMakeFiles/tuyaiot.elf.dir/Drivers/wifi_sdk/system.c.obj
 .text.set_wifi_uart_byte
                0x0000000008004994       0x10 CMakeFiles/tuyaiot.elf.dir/Drivers/wifi_sdk/system.c.obj
                0x0000000008004994                set_wifi_uart_byte
 .text.set_wifi_uart_buffer
                0x00000000080049a4       0x1c CMakeFiles/tuyaiot.elf.dir/Drivers/wifi_sdk/system.c.obj
                0x00000000080049a4                set_wifi_uart_buffer
 .text.get_check_sum
                0x00000000080049c0       0x22 CMakeFiles/tuyaiot.elf.dir/Drivers/wifi_sdk/system.c.obj
                0x00000000080049c0                get_check_sum
 *fill*         0x00000000080049e2        0x2 
 .text.wifi_uart_write_frame
                0x00000000080049e4       0x38 CMakeFiles/tuyaiot.elf.dir/Drivers/wifi_sdk/system.c.obj
                0x00000000080049e4                wifi_uart_write_frame
 .text.heat_beat_check
                0x0000000008004a1c       0x34 CMakeFiles/tuyaiot.elf.dir/Drivers/wifi_sdk/system.c.obj
 .text.product_info_update
                0x0000000008004a50       0xb4 CMakeFiles/tuyaiot.elf.dir/Drivers/wifi_sdk/system.c.obj
 .text.get_mcu_wifi_mode
                0x0000000008004b04        0xe CMakeFiles/tuyaiot.elf.dir/Drivers/wifi_sdk/system.c.obj
 *fill*         0x0000000008004b12        0x2 
 .text.data_handle
                0x0000000008004b14       0xcc CMakeFiles/tuyaiot.elf.dir/Drivers/wifi_sdk/system.c.obj
                0x0000000008004b14                data_handle
 .text.with_data_rxbuff
                0x0000000008004be0       0x1c CMakeFiles/tuyaiot.elf.dir/Drivers/wifi_sdk/system.c.obj
                0x0000000008004be0                with_data_rxbuff
 .text.take_byte_rxbuff
                0x0000000008004bfc       0x38 CMakeFiles/tuyaiot.elf.dir/Drivers/wifi_sdk/system.c.obj
                0x0000000008004bfc                take_byte_rxbuff
 .text.Reset_Handler
                0x0000000008004c34       0x50 CMakeFiles/tuyaiot.elf.dir/startup/startup_stm32g431xx.s.obj
                0x0000000008004c34                Reset_Handler
 .text.Default_Handler
                0x0000000008004c84        0x2 CMakeFiles/tuyaiot.elf.dir/startup/startup_stm32g431xx.s.obj
                0x0000000008004c84                TIM1_BRK_TIM15_IRQHandler
                0x0000000008004c84                EXTI2_IRQHandler
                0x0000000008004c84                TIM8_TRG_COM_IRQHandler
                0x0000000008004c84                TIM8_CC_IRQHandler
                0x0000000008004c84                TIM1_CC_IRQHandler
                0x0000000008004c84                USB_HP_IRQHandler
                0x0000000008004c84                CORDIC_IRQHandler
                0x0000000008004c84                EXTI3_IRQHandler
                0x0000000008004c84                I2C3_ER_IRQHandler
                0x0000000008004c84                EXTI0_IRQHandler
                0x0000000008004c84                I2C2_EV_IRQHandler
                0x0000000008004c84                FPU_IRQHandler
                0x0000000008004c84                FDCAN1_IT1_IRQHandler
                0x0000000008004c84                TIM1_UP_TIM16_IRQHandler
                0x0000000008004c84                ADC1_2_IRQHandler
                0x0000000008004c84                SPI1_IRQHandler
                0x0000000008004c84                TIM6_DAC_IRQHandler
                0x0000000008004c84                TIM8_UP_IRQHandler
                0x0000000008004c84                DMA2_Channel2_IRQHandler
                0x0000000008004c84                DMA1_Channel4_IRQHandler
                0x0000000008004c84                USART3_IRQHandler
                0x0000000008004c84                TIM4_IRQHandler
                0x0000000008004c84                DMA2_Channel1_IRQHandler
                0x0000000008004c84                I2C1_EV_IRQHandler
                0x0000000008004c84                DMA1_Channel6_IRQHandler
                0x0000000008004c84                UART4_IRQHandler
                0x0000000008004c84                DMA2_Channel4_IRQHandler
                0x0000000008004c84                TIM3_IRQHandler
                0x0000000008004c84                RCC_IRQHandler
                0x0000000008004c84                DMA1_Channel1_IRQHandler
                0x0000000008004c84                Default_Handler
                0x0000000008004c84                RTC_TAMP_LSECSS_IRQHandler
                0x0000000008004c84                FMAC_IRQHandler
                0x0000000008004c84                EXTI15_10_IRQHandler
                0x0000000008004c84                TIM7_IRQHandler
                0x0000000008004c84                UCPD1_IRQHandler
                0x0000000008004c84                I2C3_EV_IRQHandler
                0x0000000008004c84                EXTI9_5_IRQHandler
                0x0000000008004c84                RTC_WKUP_IRQHandler
                0x0000000008004c84                PVD_PVM_IRQHandler
                0x0000000008004c84                SPI2_IRQHandler
                0x0000000008004c84                DMA2_Channel5_IRQHandler
                0x0000000008004c84                CRS_IRQHandler
                0x0000000008004c84                DMA1_Channel5_IRQHandler
                0x0000000008004c84                USB_LP_IRQHandler
                0x0000000008004c84                EXTI4_IRQHandler
                0x0000000008004c84                RNG_IRQHandler
                0x0000000008004c84                TIM1_TRG_COM_TIM17_IRQHandler
                0x0000000008004c84                DMA1_Channel3_IRQHandler
                0x0000000008004c84                WWDG_IRQHandler
                0x0000000008004c84                LPUART1_IRQHandler
                0x0000000008004c84                DMA2_Channel6_IRQHandler
                0x0000000008004c84                FDCAN1_IT0_IRQHandler
                0x0000000008004c84                TIM2_IRQHandler
                0x0000000008004c84                COMP1_2_3_IRQHandler
                0x0000000008004c84                EXTI1_IRQHandler
                0x0000000008004c84                USART2_IRQHandler
                0x0000000008004c84                I2C2_ER_IRQHandler
                0x0000000008004c84                DMA1_Channel2_IRQHandler
                0x0000000008004c84                TIM8_BRK_IRQHandler
                0x0000000008004c84                FLASH_IRQHandler
                0x0000000008004c84                SPI3_IRQHandler
                0x0000000008004c84                I2C1_ER_IRQHandler
                0x0000000008004c84                LPTIM1_IRQHandler
                0x0000000008004c84                DMAMUX_OVR_IRQHandler
                0x0000000008004c84                USBWakeUp_IRQHandler
                0x0000000008004c84                SAI1_IRQHandler
                0x0000000008004c84                DMA2_Channel3_IRQHandler
                0x0000000008004c84                COMP4_IRQHandler
                0x0000000008004c84                RTC_Alarm_IRQHandler
 *fill*         0x0000000008004c86        0x2 
 .text.__errno  0x0000000008004c88        0xc /usr/local/Caskroom/gcc-arm-embedded/9-2019-q4-major/gcc-arm-none-eabi-9-2019-q4-major/bin/../lib/gcc/arm-none-eabi/9.2.1/../../../../arm-none-eabi/lib/thumb/v7e-m/nofp/libg.a(lib_a-errno.o)
                0x0000000008004c88                __errno
 .text.__libc_init_array
                0x0000000008004c94       0x48 /usr/local/Caskroom/gcc-arm-embedded/9-2019-q4-major/gcc-arm-none-eabi-9-2019-q4-major/bin/../lib/gcc/arm-none-eabi/9.2.1/../../../../arm-none-eabi/lib/thumb/v7e-m/nofp/libg.a(lib_a-init.o)
                0x0000000008004c94                __libc_init_array
 .text.memset   0x0000000008004cdc       0xa0 /usr/local/Caskroom/gcc-arm-embedded/9-2019-q4-major/gcc-arm-none-eabi-9-2019-q4-major/bin/../lib/gcc/arm-none-eabi/9.2.1/../../../../arm-none-eabi/lib/thumb/v7e-m/nofp/libg.a(lib_a-memset.o)
                0x0000000008004cdc                memset
 .text.sprintf  0x0000000008004d7c       0x44 /usr/local/Caskroom/gcc-arm-embedded/9-2019-q4-major/gcc-arm-none-eabi-9-2019-q4-major/bin/../lib/gcc/arm-none-eabi/9.2.1/../../../../arm-none-eabi/lib/thumb/v7e-m/nofp/libg.a(lib_a-sprintf.o)
                0x0000000008004d7c                sprintf
 .text._svfprintf_r
                0x0000000008004dc0     0x1acc /usr/local/Caskroom/gcc-arm-embedded/9-2019-q4-major/gcc-arm-none-eabi-9-2019-q4-major/bin/../lib/gcc/arm-none-eabi/9.2.1/../../../../arm-none-eabi/lib/thumb/v7e-m/nofp/libg.a(lib_a-svfprintf.o)
                0x0000000008004dc0                _svfprintf_r
 .text.startup.register_fini
                0x000000000800688c       0x14 /usr/local/Caskroom/gcc-arm-embedded/9-2019-q4-major/gcc-arm-none-eabi-9-2019-q4-major/bin/../lib/gcc/arm-none-eabi/9.2.1/../../../../arm-none-eabi/lib/thumb/v7e-m/nofp/libg.a(lib_a-__call_atexit.o)
 .text.atexit   0x00000000080068a0        0xc /usr/local/Caskroom/gcc-arm-embedded/9-2019-q4-major/gcc-arm-none-eabi-9-2019-q4-major/bin/../lib/gcc/arm-none-eabi/9.2.1/../../../../arm-none-eabi/lib/thumb/v7e-m/nofp/libg.a(lib_a-atexit.o)
                0x00000000080068a0                atexit
 .text.quorem   0x00000000080068ac      0x11c /usr/local/Caskroom/gcc-arm-embedded/9-2019-q4-major/gcc-arm-none-eabi-9-2019-q4-major/bin/../lib/gcc/arm-none-eabi/9.2.1/../../../../arm-none-eabi/lib/thumb/v7e-m/nofp/libg.a(lib_a-dtoa.o)
 .text._dtoa_r  0x00000000080069c8      0xeb8 /usr/local/Caskroom/gcc-arm-embedded/9-2019-q4-major/gcc-arm-none-eabi-9-2019-q4-major/bin/../lib/gcc/arm-none-eabi/9.2.1/../../../../arm-none-eabi/lib/thumb/v7e-m/nofp/libg.a(lib_a-dtoa.o)
                0x00000000080069c8                _dtoa_r
 .text.__libc_fini_array
                0x0000000008007880       0x2c /usr/local/Caskroom/gcc-arm-embedded/9-2019-q4-major/gcc-arm-none-eabi-9-2019-q4-major/bin/../lib/gcc/arm-none-eabi/9.2.1/../../../../arm-none-eabi/lib/thumb/v7e-m/nofp/libg.a(lib_a-fini.o)
                0x0000000008007880                __libc_fini_array
 .text._malloc_trim_r
                0x00000000080078ac       0xa0 /usr/local/Caskroom/gcc-arm-embedded/9-2019-q4-major/gcc-arm-none-eabi-9-2019-q4-major/bin/../lib/gcc/arm-none-eabi/9.2.1/../../../../arm-none-eabi/lib/thumb/v7e-m/nofp/libg.a(lib_a-freer.o)
                0x00000000080078ac                _malloc_trim_r
 .text._free_r  0x000000000800794c      0x208 /usr/local/Caskroom/gcc-arm-embedded/9-2019-q4-major/gcc-arm-none-eabi-9-2019-q4-major/bin/../lib/gcc/arm-none-eabi/9.2.1/../../../../arm-none-eabi/lib/thumb/v7e-m/nofp/libg.a(lib_a-freer.o)
                0x000000000800794c                _free_r
 .text._localeconv_r
                0x0000000008007b54        0x8 /usr/local/Caskroom/gcc-arm-embedded/9-2019-q4-major/gcc-arm-none-eabi-9-2019-q4-major/bin/../lib/gcc/arm-none-eabi/9.2.1/../../../../arm-none-eabi/lib/thumb/v7e-m/nofp/libg.a(lib_a-localeconv.o)
                0x0000000008007b54                _localeconv_r
 .text.__retarget_lock_acquire_recursive
                0x0000000008007b5c        0x4 /usr/local/Caskroom/gcc-arm-embedded/9-2019-q4-major/gcc-arm-none-eabi-9-2019-q4-major/bin/../lib/gcc/arm-none-eabi/9.2.1/../../../../arm-none-eabi/lib/thumb/v7e-m/nofp/libg.a(lib_a-lock.o)
                0x0000000008007b5c                __retarget_lock_acquire_recursive
 .text.__retarget_lock_release_recursive
                0x0000000008007b60        0x4 /usr/local/Caskroom/gcc-arm-embedded/9-2019-q4-major/gcc-arm-none-eabi-9-2019-q4-major/bin/../lib/gcc/arm-none-eabi/9.2.1/../../../../arm-none-eabi/lib/thumb/v7e-m/nofp/libg.a(lib_a-lock.o)
                0x0000000008007b60                __retarget_lock_release_recursive
 .text._malloc_r
                0x0000000008007b64      0x574 /usr/local/Caskroom/gcc-arm-embedded/9-2019-q4-major/gcc-arm-none-eabi-9-2019-q4-major/bin/../lib/gcc/arm-none-eabi/9.2.1/../../../../arm-none-eabi/lib/thumb/v7e-m/nofp/libg.a(lib_a-mallocr.o)
                0x0000000008007b64                _malloc_r
 .text.__malloc_lock
                0x00000000080080d8        0xc /usr/local/Caskroom/gcc-arm-embedded/9-2019-q4-major/gcc-arm-none-eabi-9-2019-q4-major/bin/../lib/gcc/arm-none-eabi/9.2.1/../../../../arm-none-eabi/lib/thumb/v7e-m/nofp/libg.a(lib_a-mlock.o)
                0x00000000080080d8                __malloc_lock
 .text.__malloc_unlock
                0x00000000080080e4        0xc /usr/local/Caskroom/gcc-arm-embedded/9-2019-q4-major/gcc-arm-none-eabi-9-2019-q4-major/bin/../lib/gcc/arm-none-eabi/9.2.1/../../../../arm-none-eabi/lib/thumb/v7e-m/nofp/libg.a(lib_a-mlock.o)
                0x00000000080080e4                __malloc_unlock
 .text._Balloc  0x00000000080080f0       0x4c /usr/local/Caskroom/gcc-arm-embedded/9-2019-q4-major/gcc-arm-none-eabi-9-2019-q4-major/bin/../lib/gcc/arm-none-eabi/9.2.1/../../../../arm-none-eabi/lib/thumb/v7e-m/nofp/libg.a(lib_a-mprec.o)
                0x00000000080080f0                _Balloc
 .text._Bfree   0x000000000800813c       0x14 /usr/local/Caskroom/gcc-arm-embedded/9-2019-q4-major/gcc-arm-none-eabi-9-2019-q4-major/bin/../lib/gcc/arm-none-eabi/9.2.1/../../../../arm-none-eabi/lib/thumb/v7e-m/nofp/libg.a(lib_a-mprec.o)
                0x000000000800813c                _Bfree
 .text.__multadd
                0x0000000008008150       0x80 /usr/local/Caskroom/gcc-arm-embedded/9-2019-q4-major/gcc-arm-none-eabi-9-2019-q4-major/bin/../lib/gcc/arm-none-eabi/9.2.1/../../../../arm-none-eabi/lib/thumb/v7e-m/nofp/libg.a(lib_a-mprec.o)
                0x0000000008008150                __multadd
 .text.__hi0bits
                0x00000000080081d0       0x40 /usr/local/Caskroom/gcc-arm-embedded/9-2019-q4-major/gcc-arm-none-eabi-9-2019-q4-major/bin/../lib/gcc/arm-none-eabi/9.2.1/../../../../arm-none-eabi/lib/thumb/v7e-m/nofp/libg.a(lib_a-mprec.o)
                0x00000000080081d0                __hi0bits
 .text.__lo0bits
                0x0000000008008210       0x60 /usr/local/Caskroom/gcc-arm-embedded/9-2019-q4-major/gcc-arm-none-eabi-9-2019-q4-major/bin/../lib/gcc/arm-none-eabi/9.2.1/../../../../arm-none-eabi/lib/thumb/v7e-m/nofp/libg.a(lib_a-mprec.o)
                0x0000000008008210                __lo0bits
 .text.__i2b    0x0000000008008270       0x14 /usr/local/Caskroom/gcc-arm-embedded/9-2019-q4-major/gcc-arm-none-eabi-9-2019-q4-major/bin/../lib/gcc/arm-none-eabi/9.2.1/../../../../arm-none-eabi/lib/thumb/v7e-m/nofp/libg.a(lib_a-mprec.o)
                0x0000000008008270                __i2b
 .text.__multiply
                0x0000000008008284      0x144 /usr/local/Caskroom/gcc-arm-embedded/9-2019-q4-major/gcc-arm-none-eabi-9-2019-q4-major/bin/../lib/gcc/arm-none-eabi/9.2.1/../../../../arm-none-eabi/lib/thumb/v7e-m/nofp/libg.a(lib_a-mprec.o)
                0x0000000008008284                __multiply
 .text.__pow5mult
                0x00000000080083c8       0xa0 /usr/local/Caskroom/gcc-arm-embedded/9-2019-q4-major/gcc-arm-none-eabi-9-2019-q4-major/bin/../lib/gcc/arm-none-eabi/9.2.1/../../../../arm-none-eabi/lib/thumb/v7e-m/nofp/libg.a(lib_a-mprec.o)
                0x00000000080083c8                __pow5mult
 .text.__lshift
                0x0000000008008468       0xd4 /usr/local/Caskroom/gcc-arm-embedded/9-2019-q4-major/gcc-arm-none-eabi-9-2019-q4-major/bin/../lib/gcc/arm-none-eabi/9.2.1/../../../../arm-none-eabi/lib/thumb/v7e-m/nofp/libg.a(lib_a-mprec.o)
                0x0000000008008468                __lshift
 .text.__mcmp   0x000000000800853c       0x3c /usr/local/Caskroom/gcc-arm-embedded/9-2019-q4-major/gcc-arm-none-eabi-9-2019-q4-major/bin/../lib/gcc/arm-none-eabi/9.2.1/../../../../arm-none-eabi/lib/thumb/v7e-m/nofp/libg.a(lib_a-mprec.o)
                0x000000000800853c                __mcmp
 .text.__mdiff  0x0000000008008578      0x138 /usr/local/Caskroom/gcc-arm-embedded/9-2019-q4-major/gcc-arm-none-eabi-9-2019-q4-major/bin/../lib/gcc/arm-none-eabi/9.2.1/../../../../arm-none-eabi/lib/thumb/v7e-m/nofp/libg.a(lib_a-mprec.o)
                0x0000000008008578                __mdiff
 .text.__d2b    0x00000000080086b0       0xa8 /usr/local/Caskroom/gcc-arm-embedded/9-2019-q4-major/gcc-arm-none-eabi-9-2019-q4-major/bin/../lib/gcc/arm-none-eabi/9.2.1/../../../../arm-none-eabi/lib/thumb/v7e-m/nofp/libg.a(lib_a-mprec.o)
                0x00000000080086b0                __d2b
 .text.frexp    0x0000000008008758       0x70 /usr/local/Caskroom/gcc-arm-embedded/9-2019-q4-major/gcc-arm-none-eabi-9-2019-q4-major/bin/../lib/gcc/arm-none-eabi/9.2.1/../../../../arm-none-eabi/lib/thumb/v7e-m/nofp/libg.a(lib_a-s_frexp.o)
                0x0000000008008758                frexp
 .text._sbrk_r  0x00000000080087c8       0x24 /usr/local/Caskroom/gcc-arm-embedded/9-2019-q4-major/gcc-arm-none-eabi-9-2019-q4-major/bin/../lib/gcc/arm-none-eabi/9.2.1/../../../../arm-none-eabi/lib/thumb/v7e-m/nofp/libg.a(lib_a-sbrkr.o)
                0x00000000080087c8                _sbrk_r
 .text.strncpy  0x00000000080087ec       0x68 /usr/local/Caskroom/gcc-arm-embedded/9-2019-q4-major/gcc-arm-none-eabi-9-2019-q4-major/bin/../lib/gcc/arm-none-eabi/9.2.1/../../../../arm-none-eabi/lib/thumb/v7e-m/nofp/libg.a(lib_a-strncpy.o)
                0x00000000080087ec                strncpy
 .text.__ssprint_r
                0x0000000008008854       0xf8 /usr/local/Caskroom/gcc-arm-embedded/9-2019-q4-major/gcc-arm-none-eabi-9-2019-q4-major/bin/../lib/gcc/arm-none-eabi/9.2.1/../../../../arm-none-eabi/lib/thumb/v7e-m/nofp/libg.a(lib_a-svfiprintf.o)
                0x0000000008008854                __ssprint_r
 .text.__register_exitproc
                0x000000000800894c       0x8c /usr/local/Caskroom/gcc-arm-embedded/9-2019-q4-major/gcc-arm-none-eabi-9-2019-q4-major/bin/../lib/gcc/arm-none-eabi/9.2.1/../../../../arm-none-eabi/lib/thumb/v7e-m/nofp/libg.a(lib_a-__atexit.o)
                0x000000000800894c                __register_exitproc
 .text._calloc_r
                0x00000000080089d8       0x60 /usr/local/Caskroom/gcc-arm-embedded/9-2019-q4-major/gcc-arm-none-eabi-9-2019-q4-major/bin/../lib/gcc/arm-none-eabi/9.2.1/../../../../arm-none-eabi/lib/thumb/v7e-m/nofp/libg.a(lib_a-callocr.o)
                0x00000000080089d8                _calloc_r
 .text.__ascii_mbtowc
                0x0000000008008a38       0x2c /usr/local/Caskroom/gcc-arm-embedded/9-2019-q4-major/gcc-arm-none-eabi-9-2019-q4-major/bin/../lib/gcc/arm-none-eabi/9.2.1/../../../../arm-none-eabi/lib/thumb/v7e-m/nofp/libg.a(lib_a-mbtowc_r.o)
                0x0000000008008a38                __ascii_mbtowc
 .text.memmove  0x0000000008008a64       0xd8 /usr/local/Caskroom/gcc-arm-embedded/9-2019-q4-major/gcc-arm-none-eabi-9-2019-q4-major/bin/../lib/gcc/arm-none-eabi/9.2.1/../../../../arm-none-eabi/lib/thumb/v7e-m/nofp/libg.a(lib_a-memmove.o)
                0x0000000008008a64                memmove
 .text._realloc_r
                0x0000000008008b3c      0x3e0 /usr/local/Caskroom/gcc-arm-embedded/9-2019-q4-major/gcc-arm-none-eabi-9-2019-q4-major/bin/../lib/gcc/arm-none-eabi/9.2.1/../../../../arm-none-eabi/lib/thumb/v7e-m/nofp/libg.a(lib_a-reallocr.o)
                0x0000000008008b3c                _realloc_r
 .text.__ascii_wctomb
                0x0000000008008f1c       0x1c /usr/local/Caskroom/gcc-arm-embedded/9-2019-q4-major/gcc-arm-none-eabi-9-2019-q4-major/bin/../lib/gcc/arm-none-eabi/9.2.1/../../../../arm-none-eabi/lib/thumb/v7e-m/nofp/libg.a(lib_a-wctomb_r.o)
                0x0000000008008f1c                __ascii_wctomb
 *(.glue_7)
 .glue_7        0x0000000008008f38        0x0 linker stubs
 *(.glue_7t)
 .glue_7t       0x0000000008008f38        0x0 linker stubs
 *(.eh_frame)
 .eh_frame      0x0000000008008f38        0x0 /usr/local/Caskroom/gcc-arm-embedded/9-2019-q4-major/gcc-arm-none-eabi-9-2019-q4-major/bin/../lib/gcc/arm-none-eabi/9.2.1/thumb/v7e-m/nofp/crtbegin.o
 *(.init)
 .init          0x0000000008008f38        0x4 /usr/local/Caskroom/gcc-arm-embedded/9-2019-q4-major/gcc-arm-none-eabi-9-2019-q4-major/bin/../lib/gcc/arm-none-eabi/9.2.1/thumb/v7e-m/nofp/crti.o
                0x0000000008008f38                _init
 .init          0x0000000008008f3c        0x8 /usr/local/Caskroom/gcc-arm-embedded/9-2019-q4-major/gcc-arm-none-eabi-9-2019-q4-major/bin/../lib/gcc/arm-none-eabi/9.2.1/thumb/v7e-m/nofp/crtn.o
 *(.fini)
 .fini          0x0000000008008f44        0x4 /usr/local/Caskroom/gcc-arm-embedded/9-2019-q4-major/gcc-arm-none-eabi-9-2019-q4-major/bin/../lib/gcc/arm-none-eabi/9.2.1/thumb/v7e-m/nofp/crti.o
                0x0000000008008f44                _fini
 .fini          0x0000000008008f48        0x8 /usr/local/Caskroom/gcc-arm-embedded/9-2019-q4-major/gcc-arm-none-eabi-9-2019-q4-major/bin/../lib/gcc/arm-none-eabi/9.2.1/thumb/v7e-m/nofp/crtn.o
                0x0000000008008f50                . = ALIGN (0x4)
                0x0000000008008f50                _etext = .

.vfp11_veneer   0x0000000008008f50        0x0
 .vfp11_veneer  0x0000000008008f50        0x0 linker stubs

.v4_bx          0x0000000008008f50        0x0
 .v4_bx         0x0000000008008f50        0x0 linker stubs

.iplt           0x0000000008008f50        0x0
 .iplt          0x0000000008008f50        0x0 /usr/local/Caskroom/gcc-arm-embedded/9-2019-q4-major/gcc-arm-none-eabi-9-2019-q4-major/bin/../lib/gcc/arm-none-eabi/9.2.1/thumb/v7e-m/nofp/crtbegin.o

.rodata         0x0000000008008f50      0xb90
                0x0000000008008f50                . = ALIGN (0x4)
 *(.rodata)
 .rodata        0x0000000008008f50        0x8 CMakeFiles/tuyaiot.elf.dir/Drivers/STM32G4xx_HAL_Driver/Src/stm32g4xx_hal_uart_ex.c.obj
 *(.rodata*)
 .rodata.main.str1.4
                0x0000000008008f58       0x6b CMakeFiles/tuyaiot.elf.dir/Core/Src/main.c.obj
 *fill*         0x0000000008008fc3        0x1 
 .rodata.F6x8   0x0000000008008fc4      0x228 CMakeFiles/tuyaiot.elf.dir/Core/Src/oled.c.obj
                0x0000000008008fc4                F6x8
 .rodata.F8x16  0x00000000080091ec      0x5f0 CMakeFiles/tuyaiot.elf.dir/Core/Src/oled.c.obj
                0x00000000080091ec                F8x16
 .rodata.AHBPrescTable
                0x00000000080097dc       0x10 CMakeFiles/tuyaiot.elf.dir/Core/Src/system_stm32g4xx.c.obj
                0x00000000080097dc                AHBPrescTable
 .rodata.APBPrescTable
                0x00000000080097ec        0x8 CMakeFiles/tuyaiot.elf.dir/Core/Src/system_stm32g4xx.c.obj
                0x00000000080097ec                APBPrescTable
 .rodata.UARTPrescTable
                0x00000000080097f4       0x18 CMakeFiles/tuyaiot.elf.dir/Drivers/STM32G4xx_HAL_Driver/Src/stm32g4xx_hal_uart.c.obj
                0x00000000080097f4                UARTPrescTable
 .rodata.UARTEx_SetNbDataToProcess.str1.4
                0x000000000800980c        0x9 CMakeFiles/tuyaiot.elf.dir/Drivers/STM32G4xx_HAL_Driver/Src/stm32g4xx_hal_uart_ex.c.obj
 *fill*         0x0000000008009815        0x3 
 .rodata.download_cmd
                0x0000000008009818        0x4 CMakeFiles/tuyaiot.elf.dir/Drivers/wifi_sdk/protocol.c.obj
                0x0000000008009818                download_cmd
 .rodata.product_info_update.str1.4
                0x000000000800981c       0x3a CMakeFiles/tuyaiot.elf.dir/Drivers/wifi_sdk/system.c.obj
 *fill*         0x0000000008009856        0x2 
 .rodata._global_impure_ptr
                0x0000000008009858        0x4 /usr/local/Caskroom/gcc-arm-embedded/9-2019-q4-major/gcc-arm-none-eabi-9-2019-q4-major/bin/../lib/gcc/arm-none-eabi/9.2.1/../../../../arm-none-eabi/lib/thumb/v7e-m/nofp/libg.a(lib_a-impure.o)
                0x0000000008009858                _global_impure_ptr
 .rodata._svfprintf_r.str1.4
                0x000000000800985c       0x3f /usr/local/Caskroom/gcc-arm-embedded/9-2019-q4-major/gcc-arm-none-eabi-9-2019-q4-major/bin/../lib/gcc/arm-none-eabi/9.2.1/../../../../arm-none-eabi/lib/thumb/v7e-m/nofp/libg.a(lib_a-svfprintf.o)
                                         0x42 (size before relaxing)
 *fill*         0x000000000800989b        0x1 
 .rodata.blanks.7345
                0x000000000800989c       0x10 /usr/local/Caskroom/gcc-arm-embedded/9-2019-q4-major/gcc-arm-none-eabi-9-2019-q4-major/bin/../lib/gcc/arm-none-eabi/9.2.1/../../../../arm-none-eabi/lib/thumb/v7e-m/nofp/libg.a(lib_a-svfprintf.o)
 .rodata.zeroes.7346
                0x00000000080098ac       0x10 /usr/local/Caskroom/gcc-arm-embedded/9-2019-q4-major/gcc-arm-none-eabi-9-2019-q4-major/bin/../lib/gcc/arm-none-eabi/9.2.1/../../../../arm-none-eabi/lib/thumb/v7e-m/nofp/libg.a(lib_a-svfprintf.o)
 .rodata._dtoa_r.str1.4
                0x00000000080098bc        0xd /usr/local/Caskroom/gcc-arm-embedded/9-2019-q4-major/gcc-arm-none-eabi-9-2019-q4-major/bin/../lib/gcc/arm-none-eabi/9.2.1/../../../../arm-none-eabi/lib/thumb/v7e-m/nofp/libg.a(lib_a-dtoa.o)
                                         0x12 (size before relaxing)
 *fill*         0x00000000080098c9        0x7 
 .rodata.__mprec_bigtens
                0x00000000080098d0       0x28 /usr/local/Caskroom/gcc-arm-embedded/9-2019-q4-major/gcc-arm-none-eabi-9-2019-q4-major/bin/../lib/gcc/arm-none-eabi/9.2.1/../../../../arm-none-eabi/lib/thumb/v7e-m/nofp/libg.a(lib_a-mprec.o)
                0x00000000080098d0                __mprec_bigtens
 .rodata.__mprec_tens
                0x00000000080098f8       0xc8 /usr/local/Caskroom/gcc-arm-embedded/9-2019-q4-major/gcc-arm-none-eabi-9-2019-q4-major/bin/../lib/gcc/arm-none-eabi/9.2.1/../../../../arm-none-eabi/lib/thumb/v7e-m/nofp/libg.a(lib_a-mprec.o)
                0x00000000080098f8                __mprec_tens
 .rodata.p05.6115
                0x00000000080099c0        0xc /usr/local/Caskroom/gcc-arm-embedded/9-2019-q4-major/gcc-arm-none-eabi-9-2019-q4-major/bin/../lib/gcc/arm-none-eabi/9.2.1/../../../../arm-none-eabi/lib/thumb/v7e-m/nofp/libg.a(lib_a-mprec.o)
 .rodata._setlocale_r.str1.4
                0x00000000080099cc        0xa /usr/local/Caskroom/gcc-arm-embedded/9-2019-q4-major/gcc-arm-none-eabi-9-2019-q4-major/bin/../lib/gcc/arm-none-eabi/9.2.1/../../../../arm-none-eabi/lib/thumb/v7e-m/nofp/libg.a(lib_a-locale.o)
                                          0xd (size before relaxing)
 *fill*         0x00000000080099d6        0x2 
 .rodata.str1.4
                0x00000000080099d8        0x2 /usr/local/Caskroom/gcc-arm-embedded/9-2019-q4-major/gcc-arm-none-eabi-9-2019-q4-major/bin/../lib/gcc/arm-none-eabi/9.2.1/../../../../arm-none-eabi/lib/thumb/v7e-m/nofp/libg.a(lib_a-locale.o)
 *fill*         0x00000000080099da        0x2 
 .rodata._ctype_
                0x00000000080099dc      0x101 /usr/local/Caskroom/gcc-arm-embedded/9-2019-q4-major/gcc-arm-none-eabi-9-2019-q4-major/bin/../lib/gcc/arm-none-eabi/9.2.1/../../../../arm-none-eabi/lib/thumb/v7e-m/nofp/libg.a(lib_a-ctype_.o)
                0x00000000080099dc                _ctype_
                0x0000000008009ae0                . = ALIGN (0x4)
 *fill*         0x0000000008009add        0x3 

.ARM.extab
 *(.ARM.extab* .gnu.linkonce.armextab.*)

.ARM            0x0000000008009ae0        0x8
                0x0000000008009ae0                __exidx_start = .
 *(.ARM.exidx*)
 .ARM.exidx     0x0000000008009ae0        0x8 /usr/local/Caskroom/gcc-arm-embedded/9-2019-q4-major/gcc-arm-none-eabi-9-2019-q4-major/bin/../lib/gcc/arm-none-eabi/9.2.1/thumb/v7e-m/nofp/libgcc.a(_udivmoddi4.o)
                0x0000000008009ae8                __exidx_end = .

.rel.dyn        0x0000000008009ae8        0x0
 .rel.iplt      0x0000000008009ae8        0x0 /usr/local/Caskroom/gcc-arm-embedded/9-2019-q4-major/gcc-arm-none-eabi-9-2019-q4-major/bin/../lib/gcc/arm-none-eabi/9.2.1/thumb/v7e-m/nofp/crtbegin.o

.preinit_array  0x0000000008009ae8        0x0
                0x0000000008009ae8                PROVIDE (__preinit_array_start = .)
 *(.preinit_array*)
                0x0000000008009ae8                PROVIDE (__preinit_array_end = .)

.init_array     0x0000000008009ae8        0x8
                0x0000000008009ae8                PROVIDE (__init_array_start = .)
 *(SORT_BY_NAME(.init_array.*))
 .init_array.00000
                0x0000000008009ae8        0x4 /usr/local/Caskroom/gcc-arm-embedded/9-2019-q4-major/gcc-arm-none-eabi-9-2019-q4-major/bin/../lib/gcc/arm-none-eabi/9.2.1/../../../../arm-none-eabi/lib/thumb/v7e-m/nofp/libg.a(lib_a-__call_atexit.o)
 *(.init_array*)
 .init_array    0x0000000008009aec        0x4 /usr/local/Caskroom/gcc-arm-embedded/9-2019-q4-major/gcc-arm-none-eabi-9-2019-q4-major/bin/../lib/gcc/arm-none-eabi/9.2.1/thumb/v7e-m/nofp/crtbegin.o
                0x0000000008009af0                PROVIDE (__init_array_end = .)

.fini_array     0x0000000008009af0        0x4
                0x0000000008009af0                PROVIDE (__fini_array_start = .)
 *(SORT_BY_NAME(.fini_array.*))
 *(.fini_array*)
 .fini_array    0x0000000008009af0        0x4 /usr/local/Caskroom/gcc-arm-embedded/9-2019-q4-major/gcc-arm-none-eabi-9-2019-q4-major/bin/../lib/gcc/arm-none-eabi/9.2.1/thumb/v7e-m/nofp/crtbegin.o
                0x0000000008009af4                PROVIDE (__fini_array_end = .)
                0x0000000008009af4                _sidata = LOADADDR (.data)

.data           0x0000000020000000      0x9d8 load address 0x0000000008009af4
                0x0000000020000000                . = ALIGN (0x4)
                0x0000000020000000                _sdata = .
 *(.data)
 *(.data*)
 .data.CMD_Data
                0x0000000020000000       0x1b CMakeFiles/tuyaiot.elf.dir/Core/Src/oled.c.obj
                0x0000000020000000                CMD_Data
 *fill*         0x000000002000001b        0x1 
 .data.SystemCoreClock
                0x000000002000001c        0x4 CMakeFiles/tuyaiot.elf.dir/Core/Src/system_stm32g4xx.c.obj
                0x000000002000001c                SystemCoreClock
 .data.uwTickFreq
                0x0000000020000020        0x4 CMakeFiles/tuyaiot.elf.dir/Drivers/STM32G4xx_HAL_Driver/Src/stm32g4xx_hal.c.obj
                0x0000000020000020                uwTickFreq
 .data.uwTickPrio
                0x0000000020000024        0x4 CMakeFiles/tuyaiot.elf.dir/Drivers/STM32G4xx_HAL_Driver/Src/stm32g4xx_hal.c.obj
                0x0000000020000024                uwTickPrio
 .data._impure_ptr
                0x0000000020000028        0x4 /usr/local/Caskroom/gcc-arm-embedded/9-2019-q4-major/gcc-arm-none-eabi-9-2019-q4-major/bin/../lib/gcc/arm-none-eabi/9.2.1/../../../../arm-none-eabi/lib/thumb/v7e-m/nofp/libg.a(lib_a-impure.o)
                0x0000000020000028                _impure_ptr
 *fill*         0x000000002000002c        0x4 
 .data.impure_data
                0x0000000020000030      0x428 /usr/local/Caskroom/gcc-arm-embedded/9-2019-q4-major/gcc-arm-none-eabi-9-2019-q4-major/bin/../lib/gcc/arm-none-eabi/9.2.1/../../../../arm-none-eabi/lib/thumb/v7e-m/nofp/libg.a(lib_a-impure.o)
 .data.__atexit_recursive_mutex
                0x0000000020000458        0x4 /usr/local/Caskroom/gcc-arm-embedded/9-2019-q4-major/gcc-arm-none-eabi-9-2019-q4-major/bin/../lib/gcc/arm-none-eabi/9.2.1/../../../../arm-none-eabi/lib/thumb/v7e-m/nofp/libg.a(lib_a-__call_atexit.o)
                0x0000000020000458                __atexit_recursive_mutex
 .data.__malloc_av_
                0x000000002000045c      0x408 /usr/local/Caskroom/gcc-arm-embedded/9-2019-q4-major/gcc-arm-none-eabi-9-2019-q4-major/bin/../lib/gcc/arm-none-eabi/9.2.1/../../../../arm-none-eabi/lib/thumb/v7e-m/nofp/libg.a(lib_a-mallocr.o)
                0x000000002000045c                __malloc_av_
 .data.__malloc_sbrk_base
                0x0000000020000864        0x4 /usr/local/Caskroom/gcc-arm-embedded/9-2019-q4-major/gcc-arm-none-eabi-9-2019-q4-major/bin/../lib/gcc/arm-none-eabi/9.2.1/../../../../arm-none-eabi/lib/thumb/v7e-m/nofp/libg.a(lib_a-mallocr.o)
                0x0000000020000864                __malloc_sbrk_base
 .data.__malloc_trim_threshold
                0x0000000020000868        0x4 /usr/local/Caskroom/gcc-arm-embedded/9-2019-q4-major/gcc-arm-none-eabi-9-2019-q4-major/bin/../lib/gcc/arm-none-eabi/9.2.1/../../../../arm-none-eabi/lib/thumb/v7e-m/nofp/libg.a(lib_a-mallocr.o)
                0x0000000020000868                __malloc_trim_threshold
 .data.__global_locale
                0x000000002000086c      0x16c /usr/local/Caskroom/gcc-arm-embedded/9-2019-q4-major/gcc-arm-none-eabi-9-2019-q4-major/bin/../lib/gcc/arm-none-eabi/9.2.1/../../../../arm-none-eabi/lib/thumb/v7e-m/nofp/libg.a(lib_a-locale.o)
                0x000000002000086c                __global_locale
                0x00000000200009d8                . = ALIGN (0x4)
                0x00000000200009d8                _edata = .

.igot.plt       0x00000000200009d8        0x0 load address 0x000000000800a4cc
 .igot.plt      0x00000000200009d8        0x0 /usr/local/Caskroom/gcc-arm-embedded/9-2019-q4-major/gcc-arm-none-eabi-9-2019-q4-major/bin/../lib/gcc/arm-none-eabi/9.2.1/thumb/v7e-m/nofp/crtbegin.o
                0x00000000200009d8                . = ALIGN (0x4)

.bss            0x00000000200009d8      0x28c load address 0x000000000800a4cc
                0x00000000200009d8                _sbss = .
                0x00000000200009d8                __bss_start__ = _sbss
 *(.bss)
 .bss           0x00000000200009d8       0x1c /usr/local/Caskroom/gcc-arm-embedded/9-2019-q4-major/gcc-arm-none-eabi-9-2019-q4-major/bin/../lib/gcc/arm-none-eabi/9.2.1/thumb/v7e-m/nofp/crtbegin.o
 *(.bss*)
 .bss.hi2c1     0x00000000200009f4       0x4c CMakeFiles/tuyaiot.elf.dir/Core/Src/i2c.c.obj
                0x00000000200009f4                hi2c1
 .bss.hi2c3     0x0000000020000a40       0x4c CMakeFiles/tuyaiot.elf.dir/Core/Src/i2c.c.obj
                0x0000000020000a40                hi2c3
 .bss.uart_temp
                0x0000000020000a8c        0x1 CMakeFiles/tuyaiot.elf.dir/Core/Src/main.c.obj
                0x0000000020000a8c                uart_temp
 *fill*         0x0000000020000a8d        0x3 
 .bss.hspi1     0x0000000020000a90       0x64 CMakeFiles/tuyaiot.elf.dir/Core/Src/spi.c.obj
                0x0000000020000a90                hspi1
 .bss.heap_end.6023
                0x0000000020000af4        0x4 CMakeFiles/tuyaiot.elf.dir/Core/Src/syscalls.c.obj
 .bss.huart1    0x0000000020000af8       0x8c CMakeFiles/tuyaiot.elf.dir/Core/Src/usart.c.obj
                0x0000000020000af8                huart1
 .bss.uwTick    0x0000000020000b84        0x4 CMakeFiles/tuyaiot.elf.dir/Drivers/STM32G4xx_HAL_Driver/Src/stm32g4xx_hal.c.obj
                0x0000000020000b84                uwTick
 .bss.rx_in.5633
                0x0000000020000b88        0x2 CMakeFiles/tuyaiot.elf.dir/Drivers/wifi_sdk/mcu_api.c.obj
 .bss.mcu_reset_state.5555
                0x0000000020000b8a        0x1 CMakeFiles/tuyaiot.elf.dir/Drivers/wifi_sdk/system.c.obj
 .bss.reset_wifi_flag
                0x0000000020000b8b        0x1 CMakeFiles/tuyaiot.elf.dir/Drivers/wifi_sdk/system.c.obj
                0x0000000020000b8b                reset_wifi_flag
 .bss.rx_buf_in
                0x0000000020000b8c        0x4 CMakeFiles/tuyaiot.elf.dir/Drivers/wifi_sdk/system.c.obj
                0x0000000020000b8c                rx_buf_in
 .bss.rx_buf_out
                0x0000000020000b90        0x4 CMakeFiles/tuyaiot.elf.dir/Drivers/wifi_sdk/system.c.obj
                0x0000000020000b90                rx_buf_out
 .bss.set_wifimode_flag
                0x0000000020000b94        0x1 CMakeFiles/tuyaiot.elf.dir/Drivers/wifi_sdk/system.c.obj
                0x0000000020000b94                set_wifimode_flag
 .bss.stop_update_flag
                0x0000000020000b95        0x1 CMakeFiles/tuyaiot.elf.dir/Drivers/wifi_sdk/system.c.obj
                0x0000000020000b95                stop_update_flag
 *fill*         0x0000000020000b96        0x2 
 .bss.wifi_data_process_buf
                0x0000000020000b98       0x1f CMakeFiles/tuyaiot.elf.dir/Drivers/wifi_sdk/system.c.obj
                0x0000000020000b98                wifi_data_process_buf
 *fill*         0x0000000020000bb7        0x1 
 .bss.wifi_uart_rx_buf
                0x0000000020000bb8       0x17 CMakeFiles/tuyaiot.elf.dir/Drivers/wifi_sdk/system.c.obj
                0x0000000020000bb8                wifi_uart_rx_buf
 *fill*         0x0000000020000bcf        0x1 
 .bss.wifi_uart_tx_buf
                0x0000000020000bd0       0x37 CMakeFiles/tuyaiot.elf.dir/Drivers/wifi_sdk/system.c.obj
                0x0000000020000bd0                wifi_uart_tx_buf
 .bss.wifi_work_state
                0x0000000020000c07        0x1 CMakeFiles/tuyaiot.elf.dir/Drivers/wifi_sdk/system.c.obj
                0x0000000020000c07                wifi_work_state
 .bss.__malloc_current_mallinfo
                0x0000000020000c08       0x28 /usr/local/Caskroom/gcc-arm-embedded/9-2019-q4-major/gcc-arm-none-eabi-9-2019-q4-major/bin/../lib/gcc/arm-none-eabi/9.2.1/../../../../arm-none-eabi/lib/thumb/v7e-m/nofp/libg.a(lib_a-mallocr.o)
                0x0000000020000c08                __malloc_current_mallinfo
 .bss.__malloc_max_sbrked_mem
                0x0000000020000c30        0x4 /usr/local/Caskroom/gcc-arm-embedded/9-2019-q4-major/gcc-arm-none-eabi-9-2019-q4-major/bin/../lib/gcc/arm-none-eabi/9.2.1/../../../../arm-none-eabi/lib/thumb/v7e-m/nofp/libg.a(lib_a-mallocr.o)
                0x0000000020000c30                __malloc_max_sbrked_mem
 .bss.__malloc_max_total_mem
                0x0000000020000c34        0x4 /usr/local/Caskroom/gcc-arm-embedded/9-2019-q4-major/gcc-arm-none-eabi-9-2019-q4-major/bin/../lib/gcc/arm-none-eabi/9.2.1/../../../../arm-none-eabi/lib/thumb/v7e-m/nofp/libg.a(lib_a-mallocr.o)
                0x0000000020000c34                __malloc_max_total_mem
 .bss.__malloc_top_pad
                0x0000000020000c38        0x4 /usr/local/Caskroom/gcc-arm-embedded/9-2019-q4-major/gcc-arm-none-eabi-9-2019-q4-major/bin/../lib/gcc/arm-none-eabi/9.2.1/../../../../arm-none-eabi/lib/thumb/v7e-m/nofp/libg.a(lib_a-mallocr.o)
                0x0000000020000c38                __malloc_top_pad
 *(COMMON)
 COMMON         0x0000000020000c3c       0x21 /usr/local/Caskroom/gcc-arm-embedded/9-2019-q4-major/gcc-arm-none-eabi-9-2019-q4-major/bin/../lib/gcc/arm-none-eabi/9.2.1/../../../../arm-none-eabi/lib/thumb/v7e-m/nofp/libg.a(lib_a-lock.o)
                0x0000000020000c3c                __lock___atexit_recursive_mutex
                0x0000000020000c40                __lock___arc4random_mutex
                0x0000000020000c44                __lock___env_recursive_mutex
                0x0000000020000c48                __lock___sinit_recursive_mutex
                0x0000000020000c4c                __lock___malloc_recursive_mutex
                0x0000000020000c50                __lock___at_quick_exit_mutex
                0x0000000020000c54                __lock___dd_hash_mutex
                0x0000000020000c58                __lock___tz_mutex
                0x0000000020000c5c                __lock___sfp_recursive_mutex
 *fill*         0x0000000020000c5d        0x3 
 COMMON         0x0000000020000c60        0x4 /usr/local/Caskroom/gcc-arm-embedded/9-2019-q4-major/gcc-arm-none-eabi-9-2019-q4-major/bin/../lib/gcc/arm-none-eabi/9.2.1/../../../../arm-none-eabi/lib/thumb/v7e-m/nofp/libg.a(lib_a-reent.o)
                0x0000000020000c60                errno
                0x0000000020000c64                . = ALIGN (0x4)
                0x0000000020000c64                _ebss = .
                0x0000000020000c64                __bss_end__ = _ebss

._user_heap_stack
                0x0000000020000c64      0x604 load address 0x000000000800a4cc
                0x0000000020000c68                . = ALIGN (0x8)
 *fill*         0x0000000020000c64        0x4 
                0x0000000020000c68                PROVIDE (end = .)
                [!provide]                        PROVIDE (_end = .)
                0x0000000020000e68                . = (. + _Min_Heap_Size)
 *fill*         0x0000000020000c68      0x200 
                0x0000000020001268                . = (. + _Min_Stack_Size)
 *fill*         0x0000000020000e68      0x400 
                0x0000000020001268                . = ALIGN (0x8)

/DISCARD/
 libc.a(*)
 libm.a(*)
 libgcc.a(*)

.ARM.attributes
                0x0000000000000000       0x2a
 *(.ARM.attributes)
 .ARM.attributes
                0x0000000000000000       0x1e /usr/local/Caskroom/gcc-arm-embedded/9-2019-q4-major/gcc-arm-none-eabi-9-2019-q4-major/bin/../lib/gcc/arm-none-eabi/9.2.1/thumb/v7e-m/nofp/crti.o
 .ARM.attributes
                0x000000000000001e       0x2e /usr/local/Caskroom/gcc-arm-embedded/9-2019-q4-major/gcc-arm-none-eabi-9-2019-q4-major/bin/../lib/gcc/arm-none-eabi/9.2.1/thumb/v7e-m/nofp/crtbegin.o
 .ARM.attributes
                0x000000000000004c       0x2e CMakeFiles/tuyaiot.elf.dir/Core/Src/gpio.c.obj
 .ARM.attributes
                0x000000000000007a       0x2e CMakeFiles/tuyaiot.elf.dir/Core/Src/i2c.c.obj
 .ARM.attributes
                0x00000000000000a8       0x2e CMakeFiles/tuyaiot.elf.dir/Core/Src/main.c.obj
 .ARM.attributes
                0x00000000000000d6       0x2e CMakeFiles/tuyaiot.elf.dir/Core/Src/oled.c.obj
 .ARM.attributes
                0x0000000000000104       0x2e CMakeFiles/tuyaiot.elf.dir/Core/Src/sht30.c.obj
 .ARM.attributes
                0x0000000000000132       0x2e CMakeFiles/tuyaiot.elf.dir/Core/Src/spi.c.obj
 .ARM.attributes
                0x0000000000000160       0x2e CMakeFiles/tuyaiot.elf.dir/Core/Src/stm32g4xx_hal_msp.c.obj
 .ARM.attributes
                0x000000000000018e       0x2e CMakeFiles/tuyaiot.elf.dir/Core/Src/stm32g4xx_it.c.obj
 .ARM.attributes
                0x00000000000001bc       0x2e CMakeFiles/tuyaiot.elf.dir/Core/Src/syscalls.c.obj
 .ARM.attributes
                0x00000000000001ea       0x2e CMakeFiles/tuyaiot.elf.dir/Core/Src/system_stm32g4xx.c.obj
 .ARM.attributes
                0x0000000000000218       0x2e CMakeFiles/tuyaiot.elf.dir/Core/Src/usart.c.obj
 .ARM.attributes
                0x0000000000000246       0x2e CMakeFiles/tuyaiot.elf.dir/Drivers/STM32G4xx_HAL_Driver/Src/stm32g4xx_hal.c.obj
 .ARM.attributes
                0x0000000000000274       0x2e CMakeFiles/tuyaiot.elf.dir/Drivers/STM32G4xx_HAL_Driver/Src/stm32g4xx_hal_cortex.c.obj
 .ARM.attributes
                0x00000000000002a2       0x2e CMakeFiles/tuyaiot.elf.dir/Drivers/STM32G4xx_HAL_Driver/Src/stm32g4xx_hal_dma.c.obj
 .ARM.attributes
                0x00000000000002d0       0x2e CMakeFiles/tuyaiot.elf.dir/Drivers/STM32G4xx_HAL_Driver/Src/stm32g4xx_hal_gpio.c.obj
 .ARM.attributes
                0x00000000000002fe       0x2e CMakeFiles/tuyaiot.elf.dir/Drivers/STM32G4xx_HAL_Driver/Src/stm32g4xx_hal_i2c.c.obj
 .ARM.attributes
                0x000000000000032c       0x2e CMakeFiles/tuyaiot.elf.dir/Drivers/STM32G4xx_HAL_Driver/Src/stm32g4xx_hal_i2c_ex.c.obj
 .ARM.attributes
                0x000000000000035a       0x2e CMakeFiles/tuyaiot.elf.dir/Drivers/STM32G4xx_HAL_Driver/Src/stm32g4xx_hal_pwr_ex.c.obj
 .ARM.attributes
                0x0000000000000388       0x2e CMakeFiles/tuyaiot.elf.dir/Drivers/STM32G4xx_HAL_Driver/Src/stm32g4xx_hal_rcc.c.obj
 .ARM.attributes
                0x00000000000003b6       0x2e CMakeFiles/tuyaiot.elf.dir/Drivers/STM32G4xx_HAL_Driver/Src/stm32g4xx_hal_rcc_ex.c.obj
 .ARM.attributes
                0x00000000000003e4       0x2e CMakeFiles/tuyaiot.elf.dir/Drivers/STM32G4xx_HAL_Driver/Src/stm32g4xx_hal_spi.c.obj
 .ARM.attributes
                0x0000000000000412       0x2e CMakeFiles/tuyaiot.elf.dir/Drivers/STM32G4xx_HAL_Driver/Src/stm32g4xx_hal_uart.c.obj
 .ARM.attributes
                0x0000000000000440       0x2e CMakeFiles/tuyaiot.elf.dir/Drivers/STM32G4xx_HAL_Driver/Src/stm32g4xx_hal_uart_ex.c.obj
 .ARM.attributes
                0x000000000000046e       0x2e CMakeFiles/tuyaiot.elf.dir/Drivers/wifi_sdk/mcu_api.c.obj
 .ARM.attributes
                0x000000000000049c       0x2e CMakeFiles/tuyaiot.elf.dir/Drivers/wifi_sdk/protocol.c.obj
 .ARM.attributes
                0x00000000000004ca       0x2e CMakeFiles/tuyaiot.elf.dir/Drivers/wifi_sdk/system.c.obj
 .ARM.attributes
                0x00000000000004f8       0x21 CMakeFiles/tuyaiot.elf.dir/startup/startup_stm32g431xx.s.obj
 .ARM.attributes
                0x0000000000000519       0x1e /usr/local/Caskroom/gcc-arm-embedded/9-2019-q4-major/gcc-arm-none-eabi-9-2019-q4-major/bin/../lib/gcc/arm-none-eabi/9.2.1/thumb/v7e-m/nofp/libgcc.a(_arm_addsubsf3.o)
 .ARM.attributes
                0x0000000000000537       0x1e /usr/local/Caskroom/gcc-arm-embedded/9-2019-q4-major/gcc-arm-none-eabi-9-2019-q4-major/bin/../lib/gcc/arm-none-eabi/9.2.1/thumb/v7e-m/nofp/libgcc.a(_arm_muldivsf3.o)
 .ARM.attributes
                0x0000000000000555       0x1e /usr/local/Caskroom/gcc-arm-embedded/9-2019-q4-major/gcc-arm-none-eabi-9-2019-q4-major/bin/../lib/gcc/arm-none-eabi/9.2.1/thumb/v7e-m/nofp/libgcc.a(_arm_fixunssfsi.o)
 .ARM.attributes
                0x0000000000000573       0x1e /usr/local/Caskroom/gcc-arm-embedded/9-2019-q4-major/gcc-arm-none-eabi-9-2019-q4-major/bin/../lib/gcc/arm-none-eabi/9.2.1/thumb/v7e-m/nofp/libgcc.a(_aeabi_uldivmod.o)
 .ARM.attributes
                0x0000000000000591       0x2e /usr/local/Caskroom/gcc-arm-embedded/9-2019-q4-major/gcc-arm-none-eabi-9-2019-q4-major/bin/../lib/gcc/arm-none-eabi/9.2.1/thumb/v7e-m/nofp/libgcc.a(_udivmoddi4.o)
 .ARM.attributes
                0x00000000000005bf       0x1e /usr/local/Caskroom/gcc-arm-embedded/9-2019-q4-major/gcc-arm-none-eabi-9-2019-q4-major/bin/../lib/gcc/arm-none-eabi/9.2.1/thumb/v7e-m/nofp/libgcc.a(_dvmd_tls.o)
 .ARM.attributes
                0x00000000000005dd       0x2e /usr/local/Caskroom/gcc-arm-embedded/9-2019-q4-major/gcc-arm-none-eabi-9-2019-q4-major/bin/../lib/gcc/arm-none-eabi/9.2.1/../../../../arm-none-eabi/lib/thumb/v7e-m/nofp/libg.a(lib_a-errno.o)
 .ARM.attributes
                0x000000000000060b       0x2e /usr/local/Caskroom/gcc-arm-embedded/9-2019-q4-major/gcc-arm-none-eabi-9-2019-q4-major/bin/../lib/gcc/arm-none-eabi/9.2.1/../../../../arm-none-eabi/lib/thumb/v7e-m/nofp/libg.a(lib_a-impure.o)
 .ARM.attributes
                0x0000000000000639       0x2e /usr/local/Caskroom/gcc-arm-embedded/9-2019-q4-major/gcc-arm-none-eabi-9-2019-q4-major/bin/../lib/gcc/arm-none-eabi/9.2.1/../../../../arm-none-eabi/lib/thumb/v7e-m/nofp/libg.a(lib_a-init.o)
 .ARM.attributes
                0x0000000000000667       0x2e /usr/local/Caskroom/gcc-arm-embedded/9-2019-q4-major/gcc-arm-none-eabi-9-2019-q4-major/bin/../lib/gcc/arm-none-eabi/9.2.1/../../../../arm-none-eabi/lib/thumb/v7e-m/nofp/libg.a(lib_a-memset.o)
 .ARM.attributes
                0x0000000000000695       0x2e /usr/local/Caskroom/gcc-arm-embedded/9-2019-q4-major/gcc-arm-none-eabi-9-2019-q4-major/bin/../lib/gcc/arm-none-eabi/9.2.1/../../../../arm-none-eabi/lib/thumb/v7e-m/nofp/libg.a(lib_a-sprintf.o)
 .ARM.attributes
                0x00000000000006c3       0x1c /usr/local/Caskroom/gcc-arm-embedded/9-2019-q4-major/gcc-arm-none-eabi-9-2019-q4-major/bin/../lib/gcc/arm-none-eabi/9.2.1/../../../../arm-none-eabi/lib/thumb/v7e-m/nofp/libg.a(lib_a-strlen.o)
 .ARM.attributes
                0x00000000000006df       0x2e /usr/local/Caskroom/gcc-arm-embedded/9-2019-q4-major/gcc-arm-none-eabi-9-2019-q4-major/bin/../lib/gcc/arm-none-eabi/9.2.1/../../../../arm-none-eabi/lib/thumb/v7e-m/nofp/libg.a(lib_a-svfprintf.o)
 .ARM.attributes
                0x000000000000070d       0x2e /usr/local/Caskroom/gcc-arm-embedded/9-2019-q4-major/gcc-arm-none-eabi-9-2019-q4-major/bin/../lib/gcc/arm-none-eabi/9.2.1/../../../../arm-none-eabi/lib/thumb/v7e-m/nofp/libg.a(lib_a-__call_atexit.o)
 .ARM.attributes
                0x000000000000073b       0x2e /usr/local/Caskroom/gcc-arm-embedded/9-2019-q4-major/gcc-arm-none-eabi-9-2019-q4-major/bin/../lib/gcc/arm-none-eabi/9.2.1/../../../../arm-none-eabi/lib/thumb/v7e-m/nofp/libg.a(lib_a-atexit.o)
 .ARM.attributes
                0x0000000000000769       0x2e /usr/local/Caskroom/gcc-arm-embedded/9-2019-q4-major/gcc-arm-none-eabi-9-2019-q4-major/bin/../lib/gcc/arm-none-eabi/9.2.1/../../../../arm-none-eabi/lib/thumb/v7e-m/nofp/libg.a(lib_a-dtoa.o)
 .ARM.attributes
                0x0000000000000797       0x2e /usr/local/Caskroom/gcc-arm-embedded/9-2019-q4-major/gcc-arm-none-eabi-9-2019-q4-major/bin/../lib/gcc/arm-none-eabi/9.2.1/../../../../arm-none-eabi/lib/thumb/v7e-m/nofp/libg.a(lib_a-fini.o)
 .ARM.attributes
                0x00000000000007c5       0x2e /usr/local/Caskroom/gcc-arm-embedded/9-2019-q4-major/gcc-arm-none-eabi-9-2019-q4-major/bin/../lib/gcc/arm-none-eabi/9.2.1/../../../../arm-none-eabi/lib/thumb/v7e-m/nofp/libg.a(lib_a-freer.o)
 .ARM.attributes
                0x00000000000007f3       0x2e /usr/local/Caskroom/gcc-arm-embedded/9-2019-q4-major/gcc-arm-none-eabi-9-2019-q4-major/bin/../lib/gcc/arm-none-eabi/9.2.1/../../../../arm-none-eabi/lib/thumb/v7e-m/nofp/libg.a(lib_a-localeconv.o)
 .ARM.attributes
                0x0000000000000821       0x2e /usr/local/Caskroom/gcc-arm-embedded/9-2019-q4-major/gcc-arm-none-eabi-9-2019-q4-major/bin/../lib/gcc/arm-none-eabi/9.2.1/../../../../arm-none-eabi/lib/thumb/v7e-m/nofp/libg.a(lib_a-lock.o)
 .ARM.attributes
                0x000000000000084f       0x2e /usr/local/Caskroom/gcc-arm-embedded/9-2019-q4-major/gcc-arm-none-eabi-9-2019-q4-major/bin/../lib/gcc/arm-none-eabi/9.2.1/../../../../arm-none-eabi/lib/thumb/v7e-m/nofp/libg.a(lib_a-mallocr.o)
 .ARM.attributes
                0x000000000000087d       0x1c /usr/local/Caskroom/gcc-arm-embedded/9-2019-q4-major/gcc-arm-none-eabi-9-2019-q4-major/bin/../lib/gcc/arm-none-eabi/9.2.1/../../../../arm-none-eabi/lib/thumb/v7e-m/nofp/libg.a(lib_a-memchr.o)
 .ARM.attributes
                0x0000000000000899       0x1c /usr/local/Caskroom/gcc-arm-embedded/9-2019-q4-major/gcc-arm-none-eabi-9-2019-q4-major/bin/../lib/gcc/arm-none-eabi/9.2.1/../../../../arm-none-eabi/lib/thumb/v7e-m/nofp/libg.a(lib_a-memcpy.o)
 .ARM.attributes
                0x00000000000008b5       0x2e /usr/local/Caskroom/gcc-arm-embedded/9-2019-q4-major/gcc-arm-none-eabi-9-2019-q4-major/bin/../lib/gcc/arm-none-eabi/9.2.1/../../../../arm-none-eabi/lib/thumb/v7e-m/nofp/libg.a(lib_a-mlock.o)
 .ARM.attributes
                0x00000000000008e3       0x2e /usr/local/Caskroom/gcc-arm-embedded/9-2019-q4-major/gcc-arm-none-eabi-9-2019-q4-major/bin/../lib/gcc/arm-none-eabi/9.2.1/../../../../arm-none-eabi/lib/thumb/v7e-m/nofp/libg.a(lib_a-mprec.o)
 .ARM.attributes
                0x0000000000000911       0x2e /usr/local/Caskroom/gcc-arm-embedded/9-2019-q4-major/gcc-arm-none-eabi-9-2019-q4-major/bin/../lib/gcc/arm-none-eabi/9.2.1/../../../../arm-none-eabi/lib/thumb/v7e-m/nofp/libg.a(lib_a-s_frexp.o)
 .ARM.attributes
                0x000000000000093f       0x2e /usr/local/Caskroom/gcc-arm-embedded/9-2019-q4-major/gcc-arm-none-eabi-9-2019-q4-major/bin/../lib/gcc/arm-none-eabi/9.2.1/../../../../arm-none-eabi/lib/thumb/v7e-m/nofp/libg.a(lib_a-sbrkr.o)
 .ARM.attributes
                0x000000000000096d       0x2e /usr/local/Caskroom/gcc-arm-embedded/9-2019-q4-major/gcc-arm-none-eabi-9-2019-q4-major/bin/../lib/gcc/arm-none-eabi/9.2.1/../../../../arm-none-eabi/lib/thumb/v7e-m/nofp/libg.a(lib_a-strncpy.o)
 .ARM.attributes
                0x000000000000099b       0x2e /usr/local/Caskroom/gcc-arm-embedded/9-2019-q4-major/gcc-arm-none-eabi-9-2019-q4-major/bin/../lib/gcc/arm-none-eabi/9.2.1/../../../../arm-none-eabi/lib/thumb/v7e-m/nofp/libg.a(lib_a-svfiprintf.o)
 .ARM.attributes
                0x00000000000009c9       0x2e /usr/local/Caskroom/gcc-arm-embedded/9-2019-q4-major/gcc-arm-none-eabi-9-2019-q4-major/bin/../lib/gcc/arm-none-eabi/9.2.1/../../../../arm-none-eabi/lib/thumb/v7e-m/nofp/libg.a(lib_a-__atexit.o)
 .ARM.attributes
                0x00000000000009f7       0x2e /usr/local/Caskroom/gcc-arm-embedded/9-2019-q4-major/gcc-arm-none-eabi-9-2019-q4-major/bin/../lib/gcc/arm-none-eabi/9.2.1/../../../../arm-none-eabi/lib/thumb/v7e-m/nofp/libg.a(lib_a-callocr.o)
 .ARM.attributes
                0x0000000000000a25       0x2e /usr/local/Caskroom/gcc-arm-embedded/9-2019-q4-major/gcc-arm-none-eabi-9-2019-q4-major/bin/../lib/gcc/arm-none-eabi/9.2.1/../../../../arm-none-eabi/lib/thumb/v7e-m/nofp/libg.a(lib_a-locale.o)
 .ARM.attributes
                0x0000000000000a53       0x2e /usr/local/Caskroom/gcc-arm-embedded/9-2019-q4-major/gcc-arm-none-eabi-9-2019-q4-major/bin/../lib/gcc/arm-none-eabi/9.2.1/../../../../arm-none-eabi/lib/thumb/v7e-m/nofp/libg.a(lib_a-mbtowc_r.o)
 .ARM.attributes
                0x0000000000000a81       0x2e /usr/local/Caskroom/gcc-arm-embedded/9-2019-q4-major/gcc-arm-none-eabi-9-2019-q4-major/bin/../lib/gcc/arm-none-eabi/9.2.1/../../../../arm-none-eabi/lib/thumb/v7e-m/nofp/libg.a(lib_a-memmove.o)
 .ARM.attributes
                0x0000000000000aaf       0x2e /usr/local/Caskroom/gcc-arm-embedded/9-2019-q4-major/gcc-arm-none-eabi-9-2019-q4-major/bin/../lib/gcc/arm-none-eabi/9.2.1/../../../../arm-none-eabi/lib/thumb/v7e-m/nofp/libg.a(lib_a-reallocr.o)
 .ARM.attributes
                0x0000000000000add       0x2e /usr/local/Caskroom/gcc-arm-embedded/9-2019-q4-major/gcc-arm-none-eabi-9-2019-q4-major/bin/../lib/gcc/arm-none-eabi/9.2.1/../../../../arm-none-eabi/lib/thumb/v7e-m/nofp/libg.a(lib_a-reent.o)
 .ARM.attributes
                0x0000000000000b0b       0x2e /usr/local/Caskroom/gcc-arm-embedded/9-2019-q4-major/gcc-arm-none-eabi-9-2019-q4-major/bin/../lib/gcc/arm-none-eabi/9.2.1/../../../../arm-none-eabi/lib/thumb/v7e-m/nofp/libg.a(lib_a-wctomb_r.o)
 .ARM.attributes
                0x0000000000000b39       0x2e /usr/local/Caskroom/gcc-arm-embedded/9-2019-q4-major/gcc-arm-none-eabi-9-2019-q4-major/bin/../lib/gcc/arm-none-eabi/9.2.1/../../../../arm-none-eabi/lib/thumb/v7e-m/nofp/libg.a(lib_a-ctype_.o)
 .ARM.attributes
                0x0000000000000b67       0x1e /usr/local/Caskroom/gcc-arm-embedded/9-2019-q4-major/gcc-arm-none-eabi-9-2019-q4-major/bin/../lib/gcc/arm-none-eabi/9.2.1/thumb/v7e-m/nofp/libgcc.a(_arm_addsubdf3.o)
 .ARM.attributes
                0x0000000000000b85       0x1e /usr/local/Caskroom/gcc-arm-embedded/9-2019-q4-major/gcc-arm-none-eabi-9-2019-q4-major/bin/../lib/gcc/arm-none-eabi/9.2.1/thumb/v7e-m/nofp/libgcc.a(_arm_muldivdf3.o)
 .ARM.attributes
                0x0000000000000ba3       0x1e /usr/local/Caskroom/gcc-arm-embedded/9-2019-q4-major/gcc-arm-none-eabi-9-2019-q4-major/bin/../lib/gcc/arm-none-eabi/9.2.1/thumb/v7e-m/nofp/libgcc.a(_arm_cmpdf2.o)
 .ARM.attributes
                0x0000000000000bc1       0x1e /usr/local/Caskroom/gcc-arm-embedded/9-2019-q4-major/gcc-arm-none-eabi-9-2019-q4-major/bin/../lib/gcc/arm-none-eabi/9.2.1/thumb/v7e-m/nofp/libgcc.a(_arm_unorddf2.o)
 .ARM.attributes
                0x0000000000000bdf       0x1e /usr/local/Caskroom/gcc-arm-embedded/9-2019-q4-major/gcc-arm-none-eabi-9-2019-q4-major/bin/../lib/gcc/arm-none-eabi/9.2.1/thumb/v7e-m/nofp/libgcc.a(_arm_fixdfsi.o)
 .ARM.attributes
                0x0000000000000bfd       0x1e /usr/local/Caskroom/gcc-arm-embedded/9-2019-q4-major/gcc-arm-none-eabi-9-2019-q4-major/bin/../lib/gcc/arm-none-eabi/9.2.1/thumb/v7e-m/nofp/crtn.o
OUTPUT(tuyaiot.elf elf32-littlearm)

.debug_info     0x0000000000000000    0x1e306
 .debug_info    0x0000000000000000      0x6f3 CMakeFiles/tuyaiot.elf.dir/Core/Src/gpio.c.obj
 .debug_info    0x00000000000006f3      0xfc4 CMakeFiles/tuyaiot.elf.dir/Core/Src/i2c.c.obj
 .debug_info    0x00000000000016b7     0x2123 CMakeFiles/tuyaiot.elf.dir/Core/Src/main.c.obj
 .debug_info    0x00000000000037da     0x11a9 CMakeFiles/tuyaiot.elf.dir/Core/Src/oled.c.obj
 .debug_info    0x0000000000004983      0xc68 CMakeFiles/tuyaiot.elf.dir/Core/Src/sht30.c.obj
 .debug_info    0x00000000000055eb      0xd72 CMakeFiles/tuyaiot.elf.dir/Core/Src/spi.c.obj
 .debug_info    0x000000000000635d      0x561 CMakeFiles/tuyaiot.elf.dir/Core/Src/stm32g4xx_hal_msp.c.obj
 .debug_info    0x00000000000068be      0xa26 CMakeFiles/tuyaiot.elf.dir/Core/Src/stm32g4xx_it.c.obj
 .debug_info    0x00000000000072e4     0x112a CMakeFiles/tuyaiot.elf.dir/Core/Src/syscalls.c.obj
 .debug_info    0x000000000000840e      0x76c CMakeFiles/tuyaiot.elf.dir/Core/Src/system_stm32g4xx.c.obj
 .debug_info    0x0000000000008b7a     0x10ec CMakeFiles/tuyaiot.elf.dir/Core/Src/usart.c.obj
 .debug_info    0x0000000000009c66      0xd65 CMakeFiles/tuyaiot.elf.dir/Drivers/STM32G4xx_HAL_Driver/Src/stm32g4xx_hal.c.obj
 .debug_info    0x000000000000a9cb     0x1234 CMakeFiles/tuyaiot.elf.dir/Drivers/STM32G4xx_HAL_Driver/Src/stm32g4xx_hal_cortex.c.obj
 .debug_info    0x000000000000bbff      0xc52 CMakeFiles/tuyaiot.elf.dir/Drivers/STM32G4xx_HAL_Driver/Src/stm32g4xx_hal_dma.c.obj
 .debug_info    0x000000000000c851      0xa70 CMakeFiles/tuyaiot.elf.dir/Drivers/STM32G4xx_HAL_Driver/Src/stm32g4xx_hal_gpio.c.obj
 .debug_info    0x000000000000d2c1     0x4250 CMakeFiles/tuyaiot.elf.dir/Drivers/STM32G4xx_HAL_Driver/Src/stm32g4xx_hal_i2c.c.obj
 .debug_info    0x0000000000011511      0xd4a CMakeFiles/tuyaiot.elf.dir/Drivers/STM32G4xx_HAL_Driver/Src/stm32g4xx_hal_i2c_ex.c.obj
 .debug_info    0x000000000001225b      0xc06 CMakeFiles/tuyaiot.elf.dir/Drivers/STM32G4xx_HAL_Driver/Src/stm32g4xx_hal_pwr_ex.c.obj
 .debug_info    0x0000000000012e61     0x1011 CMakeFiles/tuyaiot.elf.dir/Drivers/STM32G4xx_HAL_Driver/Src/stm32g4xx_hal_rcc.c.obj
 .debug_info    0x0000000000013e72     0x10da CMakeFiles/tuyaiot.elf.dir/Drivers/STM32G4xx_HAL_Driver/Src/stm32g4xx_hal_rcc_ex.c.obj
 .debug_info    0x0000000000014f4c     0x245a CMakeFiles/tuyaiot.elf.dir/Drivers/STM32G4xx_HAL_Driver/Src/stm32g4xx_hal_spi.c.obj
 .debug_info    0x00000000000173a6     0x2491 CMakeFiles/tuyaiot.elf.dir/Drivers/STM32G4xx_HAL_Driver/Src/stm32g4xx_hal_uart.c.obj
 .debug_info    0x0000000000019837      0xefb CMakeFiles/tuyaiot.elf.dir/Drivers/STM32G4xx_HAL_Driver/Src/stm32g4xx_hal_uart_ex.c.obj
 .debug_info    0x000000000001a732     0x15ed CMakeFiles/tuyaiot.elf.dir/Drivers/wifi_sdk/mcu_api.c.obj
 .debug_info    0x000000000001bd1f     0x1401 CMakeFiles/tuyaiot.elf.dir/Drivers/wifi_sdk/protocol.c.obj
 .debug_info    0x000000000001d120     0x11c4 CMakeFiles/tuyaiot.elf.dir/Drivers/wifi_sdk/system.c.obj
 .debug_info    0x000000000001e2e4       0x22 CMakeFiles/tuyaiot.elf.dir/startup/startup_stm32g431xx.s.obj

.debug_abbrev   0x0000000000000000     0x3dfd
 .debug_abbrev  0x0000000000000000      0x17b CMakeFiles/tuyaiot.elf.dir/Core/Src/gpio.c.obj
 .debug_abbrev  0x000000000000017b      0x1f8 CMakeFiles/tuyaiot.elf.dir/Core/Src/i2c.c.obj
 .debug_abbrev  0x0000000000000373      0x2f9 CMakeFiles/tuyaiot.elf.dir/Core/Src/main.c.obj
 .debug_abbrev  0x000000000000066c      0x232 CMakeFiles/tuyaiot.elf.dir/Core/Src/oled.c.obj
 .debug_abbrev  0x000000000000089e      0x25d CMakeFiles/tuyaiot.elf.dir/Core/Src/sht30.c.obj
 .debug_abbrev  0x0000000000000afb      0x1ed CMakeFiles/tuyaiot.elf.dir/Core/Src/spi.c.obj
 .debug_abbrev  0x0000000000000ce8      0x151 CMakeFiles/tuyaiot.elf.dir/Core/Src/stm32g4xx_hal_msp.c.obj
 .debug_abbrev  0x0000000000000e39      0x180 CMakeFiles/tuyaiot.elf.dir/Core/Src/stm32g4xx_it.c.obj
 .debug_abbrev  0x0000000000000fb9      0x31e CMakeFiles/tuyaiot.elf.dir/Core/Src/syscalls.c.obj
 .debug_abbrev  0x00000000000012d7      0x168 CMakeFiles/tuyaiot.elf.dir/Core/Src/system_stm32g4xx.c.obj
 .debug_abbrev  0x000000000000143f      0x1f6 CMakeFiles/tuyaiot.elf.dir/Core/Src/usart.c.obj
 .debug_abbrev  0x0000000000001635      0x24a CMakeFiles/tuyaiot.elf.dir/Drivers/STM32G4xx_HAL_Driver/Src/stm32g4xx_hal.c.obj